[    0.000000] Linux version 5.8.0-44-generic (buildd@lgw01-amd64-054) (gcc (Ubuntu 9.3.0-17ubuntu1~20.04) 9.3.0, GNU ld (GNU Binutils for Ubuntu) 2.34) #50~20.04.1-Ubuntu SMP Wed Feb 10 21:07:30 UTC 2021 (Ubuntu 5.8.0-44.50~20.04.1-generic 5.8.18)
[    0.000000] Command line: BOOT_IMAGE=/vmlinuz-5.8.0-44-generic root=UUID=f83601ce-4910-4755-b528-5f7590e929f8 ro quiet splash
[    0.000000] KERNEL supported cpus:
[    0.000000]   Intel GenuineIntel
[    0.000000]   AMD AuthenticAMD
[    0.000000]   Hygon HygonGenuine
[    0.000000]   Centaur CentaurHauls
[    0.000000]   zhaoxin   Shanghai  
[    0.000000] x86/fpu: Supporting XSAVE feature 0x001: 'x87 floating point registers'
[    0.000000] x86/fpu: Supporting XSAVE feature 0x002: 'SSE registers'
[    0.000000] x86/fpu: Supporting XSAVE feature 0x004: 'AVX registers'
[    0.000000] x86/fpu: xstate_offset[2]:  576, xstate_sizes[2]:  256
[    0.000000] x86/fpu: Enabled xstate features 0x7, context size is 832 bytes, using 'standard' format.
[    0.000000] BIOS-provided physical RAM map:
[    0.000000] BIOS-e820: [mem 0x0000000000000000-0x000000000009fbff] usable
[    0.000000] BIOS-e820: [mem 0x000000000009fc00-0x000000000009ffff] reserved
[    0.000000] BIOS-e820: [mem 0x00000000000f0000-0x00000000000fffff] reserved
[    0.000000] BIOS-e820: [mem 0x0000000000100000-0x00000000dffeffff] usable
[    0.000000] BIOS-e820: [mem 0x00000000dfff0000-0x00000000dfffffff] ACPI data
[    0.000000] BIOS-e820: [mem 0x00000000fec00000-0x00000000fec00fff] reserved
[    0.000000] BIOS-e820: [mem 0x00000000fee00000-0x00000000fee00fff] reserved
[    0.000000] BIOS-e820: [mem 0x00000000fffc0000-0x00000000ffffffff] reserved
[    0.000000] BIOS-e820: [mem 0x0000000100000000-0x000000011fffffff] usable
[    0.000000] NX (Execute Disable) protection: active
[    0.000000] SMBIOS 2.5 present.
[    0.000000] DMI: innotek GmbH VirtualBox/VirtualBox, BIOS VirtualBox 12/01/2006
[    0.000000] Hypervisor detected: KVM
[    0.000000] kvm-clock: Using msrs 4b564d01 and 4b564d00
[    0.000000] kvm-clock: cpu 0, msr 4d801001, primary cpu clock
[    0.000000] kvm-clock: using sched offset of 4298377039 cycles
[    0.000003] clocksource: kvm-clock: mask: 0xffffffffffffffff max_cycles: 0x1cd42e4dffb, max_idle_ns: 881590591483 ns
[    0.000005] tsc: Detected 2591.998 MHz processor
[    0.001222] e820: update [mem 0x00000000-0x00000fff] usable ==> reserved
[    0.001224] e820: remove [mem 0x000a0000-0x000fffff] usable
[    0.001229] last_pfn = 0x120000 max_arch_pfn = 0x400000000
[    0.001241] MTRR default type: uncachable
[    0.001242] MTRR variable ranges disabled:
[    0.001244] Disabled
[    0.001245] x86/PAT: MTRRs disabled, skipping PAT initialization too.
[    0.001247] CPU MTRRs all blank - virtualized system.
[    0.001250] x86/PAT: Configuration [0-7]: WB  WT  UC- UC  WB  WT  UC- UC  
[    0.001255] last_pfn = 0xdfff0 max_arch_pfn = 0x400000000
[    0.001327] found SMP MP-table at [mem 0x0009fff0-0x0009ffff]
[    0.182911] check: Scanning 1 areas for low memory corruption
[    0.184033] RAMDISK: [mem 0x31ca1000-0x34e47fff]
[    0.184048] ACPI: Early table checksum verification disabled
[    0.184052] ACPI: RSDP 0x00000000000E0000 000024 (v02 VBOX  )
[    0.184056] ACPI: XSDT 0x00000000DFFF0030 00003C (v01 VBOX   VBOXXSDT 00000001 ASL  00000061)
[    0.184061] ACPI: FACP 0x00000000DFFF00F0 0000F4 (v04 VBOX   VBOXFACP 00000001 ASL  00000061)
[    0.184067] ACPI: DSDT 0x00000000DFFF0470 002325 (v02 VBOX   VBOXBIOS 00000002 INTL 20120111)
[    0.184071] ACPI: FACS 0x00000000DFFF0200 000040
[    0.184073] ACPI: FACS 0x00000000DFFF0200 000040
[    0.184076] ACPI: APIC 0x00000000DFFF0240 000054 (v02 VBOX   VBOXAPIC 00000001 ASL  00000061)
[    0.184079] ACPI: SSDT 0x00000000DFFF02A0 0001CC (v01 VBOX   VBOXCPUT 00000002 INTL 20120111)
[    0.184090] ACPI: Local APIC address 0xfee00000
[    0.184498] No NUMA configuration found
[    0.184499] Faking a node at [mem 0x0000000000000000-0x000000011fffffff]
[    0.184507] NODE_DATA(0) allocated [mem 0x11ffd2000-0x11fffbfff]
[    0.184783] Zone ranges:
[    0.184784]   DMA      [mem 0x0000000000001000-0x0000000000ffffff]
[    0.184785]   DMA32    [mem 0x0000000001000000-0x00000000ffffffff]
[    0.184786]   Normal   [mem 0x0000000100000000-0x000000011fffffff]
[    0.184787]   Device   empty
[    0.184787] Movable zone start for each node
[    0.184789] Early memory node ranges
[    0.184790]   node   0: [mem 0x0000000000001000-0x000000000009efff]
[    0.184791]   node   0: [mem 0x0000000000100000-0x00000000dffeffff]
[    0.184792]   node   0: [mem 0x0000000100000000-0x000000011fffffff]
[    0.186180] Zeroed struct page in unavailable ranges: 114 pages
[    0.186181] Initmem setup node 0 [mem 0x0000000000001000-0x000000011fffffff]
[    0.186183] On node 0 totalpages: 1048462
[    0.186184]   DMA zone: 64 pages used for memmap
[    0.186184]   DMA zone: 21 pages reserved
[    0.186185]   DMA zone: 3998 pages, LIFO batch:0
[    0.186204]   DMA32 zone: 14272 pages used for memmap
[    0.186204]   DMA32 zone: 913392 pages, LIFO batch:63
[    0.208634]   Normal zone: 2048 pages used for memmap
[    0.208636]   Normal zone: 131072 pages, LIFO batch:31
[    0.213080] ACPI: PM-Timer IO Port: 0x4008
[    0.213085] ACPI: Local APIC address 0xfee00000
[    0.213149] IOAPIC[0]: apic_id 1, version 32, address 0xfec00000, GSI 0-23
[    0.213153] ACPI: INT_SRC_OVR (bus 0 bus_irq 0 global_irq 2 dfl dfl)
[    0.213154] ACPI: INT_SRC_OVR (bus 0 bus_irq 9 global_irq 9 low level)
[    0.213156] ACPI: IRQ0 used by override.
[    0.213157] ACPI: IRQ9 used by override.
[    0.213159] Using ACPI (MADT) for SMP configuration information
[    0.213166] smpboot: Allowing 1 CPUs, 0 hotplug CPUs
[    0.213188] PM: hibernation: Registered nosave memory: [mem 0x00000000-0x00000fff]
[    0.213189] PM: hibernation: Registered nosave memory: [mem 0x0009f000-0x0009ffff]
[    0.213189] PM: hibernation: Registered nosave memory: [mem 0x000a0000-0x000effff]
[    0.213190] PM: hibernation: Registered nosave memory: [mem 0x000f0000-0x000fffff]
[    0.213190] PM: hibernation: Registered nosave memory: [mem 0xdfff0000-0xdfffffff]
[    0.213191] PM: hibernation: Registered nosave memory: [mem 0xe0000000-0xfebfffff]
[    0.213191] PM: hibernation: Registered nosave memory: [mem 0xfec00000-0xfec00fff]
[    0.213192] PM: hibernation: Registered nosave memory: [mem 0xfec01000-0xfedfffff]
[    0.213192] PM: hibernation: Registered nosave memory: [mem 0xfee00000-0xfee00fff]
[    0.213193] PM: hibernation: Registered nosave memory: [mem 0xfee01000-0xfffbffff]
[    0.213193] PM: hibernation: Registered nosave memory: [mem 0xfffc0000-0xffffffff]
[    0.213195] [mem 0xe0000000-0xfebfffff] available for PCI devices
[    0.213196] Booting paravirtualized kernel on KVM
[    0.213198] clocksource: refined-jiffies: mask: 0xffffffff max_cycles: 0xffffffff, max_idle_ns: 7645519600211568 ns
[    0.213203] setup_percpu: NR_CPUS:8192 nr_cpumask_bits:1 nr_cpu_ids:1 nr_node_ids:1
[    0.214115] percpu: Embedded 56 pages/cpu s192512 r8192 d28672 u2097152
[    0.214122] pcpu-alloc: s192512 r8192 d28672 u2097152 alloc=1*2097152
[    0.214124] pcpu-alloc: [0] 0 
[    0.214158] Built 1 zonelists, mobility grouping on.  Total pages: 1032057
[    0.214159] Policy zone: Normal
[    0.214160] Kernel command line: BOOT_IMAGE=/vmlinuz-5.8.0-44-generic root=UUID=f83601ce-4910-4755-b528-5f7590e929f8 ro quiet splash
[    0.216267] Dentry cache hash table entries: 524288 (order: 10, 4194304 bytes, linear)
[    0.217030] Inode-cache hash table entries: 262144 (order: 9, 2097152 bytes, linear)
[    0.217183] mem auto-init: stack:off, heap alloc:on, heap free:off
[    0.240178] Memory: 3972040K/4193848K available (14339K kernel code, 2537K rwdata, 5388K rodata, 2640K init, 4920K bss, 221808K reserved, 0K cma-reserved)
[    0.240186] random: get_random_u64 called from kmem_cache_open+0x2d/0x410 with crng_init=0
[    0.241285] SLUB: HWalign=64, Order=0-3, MinObjects=0, CPUs=1, Nodes=1
[    0.241302] Kernel/User page tables isolation: enabled
[    0.241313] ftrace: allocating 46218 entries in 181 pages
[    0.258770] ftrace: allocated 181 pages with 5 groups
[    0.259653] rcu: Hierarchical RCU implementation.
[    0.259654] rcu: 	RCU restricting CPUs from NR_CPUS=8192 to nr_cpu_ids=1.
[    0.259655] 	Trampoline variant of Tasks RCU enabled.
[    0.259655] 	Rude variant of Tasks RCU enabled.
[    0.259655] 	Tracing variant of Tasks RCU enabled.
[    0.259656] rcu: RCU calculated value of scheduler-enlistment delay is 25 jiffies.
[    0.259657] rcu: Adjusting geometry for rcu_fanout_leaf=16, nr_cpu_ids=1
[    0.262891] NR_IRQS: 524544, nr_irqs: 256, preallocated irqs: 16
[    0.263385] random: crng done (trusting CPU's manufacturer)
[    0.272469] Console: colour VGA+ 80x25
[    0.272473] printk: console [tty0] enabled
[    0.272498] ACPI: Core revision 20200528
[    0.272615] APIC: Switch to symmetric I/O mode setup
[    0.272783] x2apic enabled
[    0.272939] Switched APIC routing to physical x2apic.
[    0.273888] ..TIMER: vector=0x30 apic1=0 pin1=2 apic2=-1 pin2=-1
[    0.273909] clocksource: tsc-early: mask: 0xffffffffffffffff max_cycles: 0x255cb518234, max_idle_ns: 440795279333 ns
[    0.273928] Calibrating delay loop (skipped) preset value.. 5183.99 BogoMIPS (lpj=10367992)
[    0.273930] pid_max: default: 32768 minimum: 301
[    0.273958] LSM: Security Framework initializing
[    0.273968] Yama: becoming mindful.
[    0.274015] AppArmor: AppArmor initialized
[    0.274048] Mount-cache hash table entries: 8192 (order: 4, 65536 bytes, linear)
[    0.274054] Mountpoint-cache hash table entries: 8192 (order: 4, 65536 bytes, linear)
[    0.274374] unchecked MSR access error: WRMSR to 0x3a (tried to write 0x0000000000000001) at rIP: 0xffffffffbb276314 (native_write_msr+0x4/0x30)
[    0.274375] Call Trace:
[    0.274378]  ? init_ia32_feat_ctl+0x69/0xf0
[    0.274381]  init_intel+0xdd/0x400
[    0.274382]  identify_cpu+0x2f3/0x530
[    0.274385]  identify_boot_cpu+0x10/0x9a
[    0.274386]  check_bugs+0x2a/0x8a4
[    0.274387]  start_kernel+0x6b3/0x6ed
[    0.274389]  x86_64_start_reservations+0x24/0x26
[    0.274390]  x86_64_start_kernel+0x8b/0x8f
[    0.274392]  secondary_startup_64+0xb6/0xc0
[    0.274476] process: using mwait in idle threads
[    0.274481] Last level iTLB entries: 4KB 64, 2MB 8, 4MB 8
[    0.274481] Last level dTLB entries: 4KB 64, 2MB 0, 4MB 0, 1GB 4
[    0.274484] Spectre V1 : Mitigation: usercopy/swapgs barriers and __user pointer sanitization
[    0.274484] Spectre V2 : Mitigation: Full generic retpoline
[    0.274485] Spectre V2 : Spectre v2 / SpectreRSB mitigation: Filling RSB on context switch
[    0.274485] Speculative Store Bypass: Vulnerable
[    0.274488] SRBDS: Unknown: Dependent on hypervisor status
[    0.274488] MDS: Mitigation: Clear CPU buffers
[    0.282212] Freeing SMP alternatives memory: 40K
[    0.393069] smpboot: CPU0: Intel(R) Core(TM) i7-9750H CPU @ 2.60GHz (family: 0x6, model: 0x9e, stepping: 0xa)
[    0.393252] Performance Events: unsupported p6 CPU model 158 no PMU driver, software events only.
[    0.393280] rcu: Hierarchical SRCU implementation.
[    0.393911] NMI watchdog: Perf NMI watchdog permanently disabled
[    0.393911] smp: Bringing up secondary CPUs ...
[    0.393911] smp: Brought up 1 node, 1 CPU
[    0.393911] smpboot: Max logical packages: 1
[    0.393911] smpboot: Total of 1 processors activated (5183.99 BogoMIPS)
[    0.393911] devtmpfs: initialized
[    0.393911] x86/mm: Memory block size: 128MB
[    0.393911] clocksource: jiffies: mask: 0xffffffff max_cycles: 0xffffffff, max_idle_ns: 7645041785100000 ns
[    0.393911] futex hash table entries: 256 (order: 2, 16384 bytes, linear)
[    0.393911] pinctrl core: initialized pinctrl subsystem
[    0.393911] PM: RTC time: 19:44:31, date: 2021-03-18
[    0.393911] thermal_sys: Registered thermal governor 'fair_share'
[    0.393911] thermal_sys: Registered thermal governor 'bang_bang'
[    0.393911] thermal_sys: Registered thermal governor 'step_wise'
[    0.393911] thermal_sys: Registered thermal governor 'user_space'
[    0.393911] thermal_sys: Registered thermal governor 'power_allocator'
[    0.393911] NET: Registered protocol family 16
[    0.393911] DMA: preallocated 512 KiB GFP_KERNEL pool for atomic allocations
[    0.393911] DMA: preallocated 512 KiB GFP_KERNEL|GFP_DMA pool for atomic allocations
[    0.393911] DMA: preallocated 512 KiB GFP_KERNEL|GFP_DMA32 pool for atomic allocations
[    0.393911] audit: initializing netlink subsys (disabled)
[    0.393911] EISA bus registered
[    0.393911] cpuidle: using governor ladder
[    0.393911] cpuidle: using governor menu
[    0.393911] ACPI: bus type PCI registered
[    0.393911] acpiphp: ACPI Hot Plug PCI Controller Driver version: 0.5
[    0.393911] PCI: Using configuration type 1 for base access
[    0.395231] audit: type=2000 audit(1616096677.679:1): state=initialized audit_enabled=0 res=1
[    0.395322] HugeTLB registered 2.00 MiB page size, pre-allocated 0 pages
[    0.396978] ACPI: Added _OSI(Module Device)
[    0.396979] ACPI: Added _OSI(Processor Device)
[    0.396980] ACPI: Added _OSI(3.0 _SCP Extensions)
[    0.397005] ACPI: Added _OSI(Processor Aggregator Device)
[    0.397006] ACPI: Added _OSI(Linux-Dell-Video)
[    0.397007] ACPI: Added _OSI(Linux-Lenovo-NV-HDMI-Audio)
[    0.397008] ACPI: Added _OSI(Linux-HPI-Hybrid-Graphics)
[    0.399211] ACPI: 2 ACPI AML tables successfully acquired and loaded
[    0.400920] ACPI: Interpreter enabled
[    0.400927] ACPI: (supports S0 S5)
[    0.400928] ACPI: Using IOAPIC for interrupt routing
[    0.401099] PCI: Using host bridge windows from ACPI; if necessary, use "pci=nocrs" and report a bug
[    0.401213] ACPI: Enabled 2 GPEs in block 00 to 07
[    0.407124] ACPI: PCI Root Bridge [PCI0] (domain 0000 [bus 00-ff])
[    0.407129] acpi PNP0A03:00: _OSC: OS supports [ASPM ClockPM Segments MSI HPX-Type3]
[    0.407648] acpi PNP0A03:00: _OSC: not requesting OS control; OS requires [ExtendedConfig ASPM ClockPM MSI]
[    0.407656] acpi PNP0A03:00: fail to add MMCONFIG information, can't access extended PCI configuration space under this bridge.
[    0.408203] PCI host bridge to bus 0000:00
[    0.408222] pci_bus 0000:00: root bus resource [io  0x0000-0x0cf7 window]
[    0.408223] pci_bus 0000:00: root bus resource [io  0x0d00-0xffff window]
[    0.408224] pci_bus 0000:00: root bus resource [mem 0x000a0000-0x000bffff window]
[    0.408225] pci_bus 0000:00: root bus resource [mem 0xe0000000-0xfdffffff window]
[    0.408227] pci_bus 0000:00: root bus resource [bus 00-ff]
[    0.408291] pci 0000:00:00.0: [8086:1237] type 00 class 0x060000
[    0.409658] pci 0000:00:01.0: [8086:7000] type 00 class 0x060100
[    0.410869] pci 0000:00:01.1: [8086:7111] type 00 class 0x01018a
[    0.411465] pci 0000:00:01.1: reg 0x20: [io  0xd000-0xd00f]
[    0.411715] pci 0000:00:01.1: legacy IDE quirk: reg 0x10: [io  0x01f0-0x01f7]
[    0.411716] pci 0000:00:01.1: legacy IDE quirk: reg 0x14: [io  0x03f6]
[    0.411717] pci 0000:00:01.1: legacy IDE quirk: reg 0x18: [io  0x0170-0x0177]
[    0.411717] pci 0000:00:01.1: legacy IDE quirk: reg 0x1c: [io  0x0376]
[    0.412379] pci 0000:00:02.0: [15ad:0405] type 00 class 0x030000
[    0.414279] pci 0000:00:02.0: reg 0x10: [io  0xd010-0xd01f]
[    0.416080] pci 0000:00:02.0: reg 0x14: [mem 0xe0000000-0xe0ffffff pref]
[    0.418274] pci 0000:00:02.0: reg 0x18: [mem 0xf0000000-0xf01fffff]
[    0.426345] pci 0000:00:03.0: [8086:100e] type 00 class 0x020000
[    0.428105] pci 0000:00:03.0: reg 0x10: [mem 0xf0200000-0xf021ffff]
[    0.430076] pci 0000:00:03.0: reg 0x18: [io  0xd020-0xd027]
[    0.438065] pci 0000:00:04.0: [80ee:cafe] type 00 class 0x088000
[    0.439705] pci 0000:00:04.0: reg 0x10: [io  0xd040-0xd05f]
[    0.441207] pci 0000:00:04.0: reg 0x14: [mem 0xf0400000-0xf07fffff]
[    0.442090] pci 0000:00:04.0: reg 0x18: [mem 0xf0800000-0xf0803fff pref]
[    0.449953] pci 0000:00:05.0: [8086:2415] type 00 class 0x040100
[    0.450121] pci 0000:00:05.0: reg 0x10: [io  0xd100-0xd1ff]
[    0.450201] pci 0000:00:05.0: reg 0x14: [io  0xd200-0xd23f]
[    0.451203] pci 0000:00:06.0: [106b:003f] type 00 class 0x0c0310
[    0.452756] pci 0000:00:06.0: reg 0x10: [mem 0xf0804000-0xf0804fff]
[    0.463111] pci 0000:00:07.0: [8086:7113] type 00 class 0x068000
[    0.464051] pci 0000:00:07.0: quirk: [io  0x4000-0x403f] claimed by PIIX4 ACPI
[    0.464068] pci 0000:00:07.0: quirk: [io  0x4100-0x410f] claimed by PIIX4 SMB
[    0.465980] pci 0000:00:0b.0: [8086:265c] type 00 class 0x0c0320
[    0.467633] pci 0000:00:0b.0: reg 0x10: [mem 0xf0805000-0xf0805fff]
[    0.478030] pci 0000:00:0d.0: [8086:2829] type 00 class 0x010601
[    0.479699] pci 0000:00:0d.0: reg 0x10: [io  0xd240-0xd247]
[    0.481260] pci 0000:00:0d.0: reg 0x14: [io  0xd248-0xd24b]
[    0.482053] pci 0000:00:0d.0: reg 0x18: [io  0xd250-0xd257]
[    0.483487] pci 0000:00:0d.0: reg 0x1c: [io  0xd258-0xd25b]
[    0.484913] pci 0000:00:0d.0: reg 0x20: [io  0xd260-0xd26f]
[    0.487361] pci 0000:00:0d.0: reg 0x24: [mem 0xf0806000-0xf0807fff]
[    0.498225] ACPI: PCI Interrupt Link [LNKA] (IRQs 5 9 10 *11)
[    0.498598] ACPI: PCI Interrupt Link [LNKB] (IRQs 5 9 *10 11)
[    0.498758] ACPI: PCI Interrupt Link [LNKC] (IRQs 5 *9 10 11)
[    0.498932] ACPI: PCI Interrupt Link [LNKD] (IRQs 5 9 10 *11)
[    0.499293] iommu: Default domain type: Translated 
[    0.499514] SCSI subsystem initialized
[    0.499553] libata version 3.00 loaded.
[    0.499620] pci 0000:00:02.0: vgaarb: setting as boot VGA device
[    0.499622] pci 0000:00:02.0: vgaarb: VGA device added: decodes=io+mem,owns=io+mem,locks=none
[    0.499624] pci 0000:00:02.0: vgaarb: bridge control possible
[    0.499625] vgaarb: loaded
[    0.499651] ACPI: bus type USB registered
[    0.499665] usbcore: registered new interface driver usbfs
[    0.499671] usbcore: registered new interface driver hub
[    0.499677] usbcore: registered new device driver usb
[    0.499694] pps_core: LinuxPPS API ver. 1 registered
[    0.499695] pps_core: Software ver. 5.3.6 - Copyright 2005-2007 Rodolfo Giometti <giometti@linux.it>
[    0.499696] PTP clock support registered
[    0.499762] EDAC MC: Ver: 3.0.0
[    0.500406] NetLabel: Initializing
[    0.500407] NetLabel:  domain hash size = 128
[    0.500407] NetLabel:  protocols = UNLABELED CIPSOv4 CALIPSO
[    0.500423] NetLabel:  unlabeled traffic allowed by default
[    0.500458] PCI: Using ACPI for IRQ routing
[    0.500459] PCI: pci_cache_line_size set to 64 bytes
[    0.500827] e820: reserve RAM buffer [mem 0x0009fc00-0x0009ffff]
[    0.500831] e820: reserve RAM buffer [mem 0xdfff0000-0xdfffffff]
[    0.501838] clocksource: Switched to clocksource kvm-clock
[    0.516045] VFS: Disk quotas dquot_6.6.0
[    0.516056] VFS: Dquot-cache hash table entries: 512 (order 0, 4096 bytes)
[    0.516141] AppArmor: AppArmor Filesystem Enabled
[    0.516162] pnp: PnP ACPI init
[    0.516243] pnp 00:00: Plug and Play ACPI device, IDs PNP0303 (active)
[    0.516305] pnp 00:01: Plug and Play ACPI device, IDs PNP0f03 (active)
[    0.517572] pnp: PnP ACPI: found 2 devices
[    0.523702] clocksource: acpi_pm: mask: 0xffffff max_cycles: 0xffffff, max_idle_ns: 2085701024 ns
[    0.523858] NET: Registered protocol family 2
[    0.524099] tcp_listen_portaddr_hash hash table entries: 2048 (order: 3, 32768 bytes, linear)
[    0.524920] TCP established hash table entries: 32768 (order: 6, 262144 bytes, linear)
[    0.524970] TCP bind hash table entries: 32768 (order: 7, 524288 bytes, linear)
[    0.525010] TCP: Hash tables configured (established 32768 bind 32768)
[    0.525134] UDP hash table entries: 2048 (order: 4, 65536 bytes, linear)
[    0.525144] UDP-Lite hash table entries: 2048 (order: 4, 65536 bytes, linear)
[    0.525183] NET: Registered protocol family 1
[    0.525191] NET: Registered protocol family 44
[    0.525202] pci_bus 0000:00: resource 4 [io  0x0000-0x0cf7 window]
[    0.525204] pci_bus 0000:00: resource 5 [io  0x0d00-0xffff window]
[    0.525205] pci_bus 0000:00: resource 6 [mem 0x000a0000-0x000bffff window]
[    0.525206] pci_bus 0000:00: resource 7 [mem 0xe0000000-0xfdffffff window]
[    0.525292] pci 0000:00:00.0: Limiting direct PCI/PCI transfers
[    0.525313] pci 0000:00:01.0: Activating ISA DMA hang workarounds
[    0.525422] pci 0000:00:02.0: Video device with shadowed ROM at [mem 0x000c0000-0x000dffff]
[    0.528322] PCI: CLS 0 bytes, default 64
[    0.528371] Trying to unpack rootfs image as initramfs...
[    0.712606] Freeing initrd memory: 50844K
[    0.712650] PCI-DMA: Using software bounce buffering for IO (SWIOTLB)
[    0.712652] software IO TLB: mapped [mem 0xdbff0000-0xdfff0000] (64MB)
[    0.712690] clocksource: tsc: mask: 0xffffffffffffffff max_cycles: 0x255cb518234, max_idle_ns: 440795279333 ns
[    0.712698] clocksource: Switched to clocksource tsc
[    0.712731] platform rtc_cmos: registered platform RTC device (no PNP device found)
[    0.712747] check: Scanning for low memory corruption every 60 seconds
[    0.712982] Initialise system trusted keyrings
[    0.712993] Key type blacklist registered
[    0.713031] workingset: timestamp_bits=36 max_order=20 bucket_order=0
[    0.714032] zbud: loaded
[    0.714225] squashfs: version 4.0 (2009/01/31) Phillip Lougher
[    0.714243] fuse: init (API version 7.31)
[    0.714243] integrity: Platform Keyring initialized
[    0.721192] Key type asymmetric registered
[    0.721192] Asymmetric key parser 'x509' registered
[    0.721199] Block layer SCSI generic (bsg) driver version 0.4 loaded (major 244)
[    0.721230] io scheduler mq-deadline registered
[    0.721306] shpchp: Standard Hot Plug PCI Controller Driver version: 0.4
[    0.721715] ACPI: AC Adapter [AC] (on-line)
[    0.721754] input: Power Button as /devices/LNXSYSTM:00/LNXPWRBN:00/input/input0
[    0.721778] ACPI: Power Button [PWRF]
[    0.721881] input: Sleep Button as /devices/LNXSYSTM:00/LNXSLPBN:00/input/input1
[    0.721893] ACPI: Sleep Button [SLPF]
[    0.723443] battery: ACPI: Battery Slot [BAT0] (battery present)
[    0.723480] Serial: 8250/16550 driver, 32 ports, IRQ sharing enabled
[    0.724428] Linux agpgart interface v0.103
[    0.725594] loop: module loaded
[    0.725682] ata_piix 0000:00:01.1: version 2.13
[    0.726047] scsi host0: ata_piix
[    0.726109] scsi host1: ata_piix
[    0.726131] ata1: PATA max UDMA/33 cmd 0x1f0 ctl 0x3f6 bmdma 0xd000 irq 14
[    0.726132] ata2: PATA max UDMA/33 cmd 0x170 ctl 0x376 bmdma 0xd008 irq 15
[    0.726220] libphy: Fixed MDIO Bus: probed
[    0.726221] tun: Universal TUN/TAP device driver, 1.6
[    0.726491] PPP generic driver version 2.4.2
[    0.726555] VFIO - User Level meta-driver version: 0.3
[    0.726926] ehci_hcd: USB 2.0 'Enhanced' Host Controller (EHCI) Driver
[    0.726928] ehci-pci: EHCI PCI platform driver
[    0.727483] ehci-pci 0000:00:0b.0: EHCI Host Controller
[    0.727487] ehci-pci 0000:00:0b.0: new USB bus registered, assigned bus number 1
[    0.727718] ehci-pci 0000:00:0b.0: irq 19, io mem 0xf0805000
[    0.742560] ehci-pci 0000:00:0b.0: USB 2.0 started, EHCI 1.00
[    0.742616] usb usb1: New USB device found, idVendor=1d6b, idProduct=0002, bcdDevice= 5.08
[    0.742617] usb usb1: New USB device strings: Mfr=3, Product=2, SerialNumber=1
[    0.742619] usb usb1: Product: EHCI Host Controller
[    0.742619] usb usb1: Manufacturer: Linux 5.8.0-44-generic ehci_hcd
[    0.742620] usb usb1: SerialNumber: 0000:00:0b.0
[    0.742713] hub 1-0:1.0: USB hub found
[    0.742719] hub 1-0:1.0: 12 ports detected
[    0.742900] ehci-platform: EHCI generic platform driver
[    0.742911] ohci_hcd: USB 1.1 'Open' Host Controller (OHCI) Driver
[    0.742913] ohci-pci: OHCI PCI platform driver
[    0.743727] ohci-pci 0000:00:06.0: OHCI PCI host controller
[    0.743732] ohci-pci 0000:00:06.0: new USB bus registered, assigned bus number 2
[    0.743792] ohci-pci 0000:00:06.0: irq 22, io mem 0xf0804000
[    0.802969] usb usb2: New USB device found, idVendor=1d6b, idProduct=0001, bcdDevice= 5.08
[    0.802972] usb usb2: New USB device strings: Mfr=3, Product=2, SerialNumber=1
[    0.802973] usb usb2: Product: OHCI PCI host controller
[    0.802974] usb usb2: Manufacturer: Linux 5.8.0-44-generic ohci_hcd
[    0.802975] usb usb2: SerialNumber: 0000:00:06.0
[    0.803090] hub 2-0:1.0: USB hub found
[    0.803104] hub 2-0:1.0: 12 ports detected
[    0.803611] ohci-platform: OHCI generic platform driver
[    0.803625] uhci_hcd: USB Universal Host Controller Interface driver
[    0.803680] i8042: PNP: PS/2 Controller [PNP0303:PS2K,PNP0f03:PS2M] at 0x60,0x64 irq 1,12
[    0.804269] serio: i8042 KBD port at 0x60,0x64 irq 1
[    0.804275] serio: i8042 AUX port at 0x60,0x64 irq 12
[    0.804427] mousedev: PS/2 mouse device common for all mice
[    0.804676] input: AT Translated Set 2 keyboard as /devices/platform/i8042/serio0/input/input2
[    0.805238] rtc_cmos rtc_cmos: registered as rtc0
[    0.805262] rtc_cmos rtc_cmos: setting system clock to 2021-03-18T19:44:32 UTC (1616096672)
[    0.805272] rtc_cmos rtc_cmos: alarms up to one day, 114 bytes nvram
[    0.805276] i2c /dev entries driver
[    0.805314] device-mapper: uevent: version 1.0.3
[    0.805353] device-mapper: ioctl: 4.42.0-ioctl (2020-02-27) initialised: dm-devel@redhat.com
[    0.805365] platform eisa.0: Probing EISA bus 0
[    0.805367] platform eisa.0: EISA: Cannot allocate resource for mainboard
[    0.805368] platform eisa.0: Cannot allocate resource for EISA slot 1
[    0.805368] platform eisa.0: Cannot allocate resource for EISA slot 2
[    0.805369] platform eisa.0: Cannot allocate resource for EISA slot 3
[    0.805370] platform eisa.0: Cannot allocate resource for EISA slot 4
[    0.805370] platform eisa.0: Cannot allocate resource for EISA slot 5
[    0.805371] platform eisa.0: Cannot allocate resource for EISA slot 6
[    0.805372] platform eisa.0: Cannot allocate resource for EISA slot 7
[    0.805372] platform eisa.0: Cannot allocate resource for EISA slot 8
[    0.805373] platform eisa.0: EISA: Detected 0 cards
[    0.805375] intel_pstate: CPU model not supported
[    0.805381] ledtrig-cpu: registered to indicate activity on CPUs
[    0.805455] intel_pmc_core intel_pmc_core.0:  initialized
[    0.805481] drop_monitor: Initializing network drop monitor service
[    0.805593] NET: Registered protocol family 10
[    0.810631] Segment Routing with IPv6
[    0.810648] NET: Registered protocol family 17
[    0.810682] Key type dns_resolver registered
[    0.810773] IPI shorthand broadcast: enabled
[    0.810779] sched_clock: Marking stable (799337438, 10781863)->(816422506, -6303205)
[    0.810823] registered taskstats version 1
[    0.810832] Loading compiled-in X.509 certificates
[    0.811387] Loaded X.509 cert 'Build time autogenerated kernel key: a3e9eb9032099963d398e4d4d5991ce491952397'
[    0.811399] zswap: loaded using pool lzo/zbud
[    0.811462] Key type ._fscrypt registered
[    0.811462] Key type .fscrypt registered
[    0.811463] Key type fscrypt-provisioning registered
[    0.813828] Key type encrypted registered
[    0.813830] AppArmor: AppArmor sha1 policy hashing enabled
[    0.813834] ima: No TPM chip found, activating TPM-bypass!
[    0.813838] ima: Allocated hash algorithm: sha1
[    0.813843] ima: No architecture policies found
[    0.813850] evm: Initialising EVM extended attributes:
[    0.813851] evm: security.selinux
[    0.813851] evm: security.SMACK64
[    0.813852] evm: security.SMACK64EXEC
[    0.813852] evm: security.SMACK64TRANSMUTE
[    0.813853] evm: security.SMACK64MMAP
[    0.813853] evm: security.apparmor
[    0.813853] evm: security.ima
[    0.813854] evm: security.capability
[    0.813854] evm: HMAC attrs: 0x1
[    0.814173] PM:   Magic number: 13:35:749
[    0.814187] tty ttyS0: hash matches
[    0.814283] RAS: Correctable Errors collector initialized.
[    0.897892] ata2.00: ATAPI: VBOX CD-ROM, 1.0, max UDMA/133
[    0.898816] scsi 1:0:0:0: CD-ROM            VBOX     CD-ROM           1.0  PQ: 0 ANSI: 5
[    0.899529] sr 1:0:0:0: [sr0] scsi3-mmc drive: 32x/32x xa/form2 tray
[    0.899531] cdrom: Uniform CD-ROM driver Revision: 3.20
[    0.899662] sr 1:0:0:0: Attached scsi CD-ROM sr0
[    0.899809] sr 1:0:0:0: Attached scsi generic sg0 type 5
[    0.901009] Freeing unused decrypted memory: 2040K
[    0.901296] Freeing unused kernel image (initmem) memory: 2640K
[    0.909941] Write protecting the kernel read-only data: 22528k
[    0.910296] Freeing unused kernel image (text/rodata gap) memory: 2044K
[    0.910412] Freeing unused kernel image (rodata/data gap) memory: 756K
[    0.956930] x86/mm: Checked W+X mappings: passed, no W+X pages found.
[    0.956931] x86/mm: Checking user space page tables
[    0.995278] x86/mm: Checked W+X mappings: passed, no W+X pages found.
[    0.995284] Run /init as init process
[    0.995285]   with arguments:
[    0.995285]     /init
[    0.995286]     splash
[    0.995286]   with environment:
[    0.995286]     HOME=/
[    0.995287]     TERM=linux
[    0.995287]     BOOT_IMAGE=/vmlinuz-5.8.0-44-generic
[    1.089621] ACPI: Video Device [GFX0] (multi-head: yes  rom: no  post: no)
[    1.089703] input: Video Bus as /devices/LNXSYSTM:00/LNXSYBUS:00/PNP0A03:00/LNXVIDEO:00/input/input4
[    1.102726] e1000: Intel(R) PRO/1000 Network Driver - version 7.3.21-k8-NAPI
[    1.102726] e1000: Copyright (c) 1999-2006 Intel Corporation.
[    1.108134] piix4_smbus 0000:00:07.0: SMBus Host Controller at 0x4100, revision 0
[    1.110491] ahci 0000:00:0d.0: version 3.0
[    1.111003] ahci 0000:00:0d.0: SSS flag set, parallel bus scan disabled
[    1.111109] ahci 0000:00:0d.0: AHCI 0001.0100 32 slots 1 ports 3 Gbps 0x1 impl SATA mode
[    1.111111] ahci 0000:00:0d.0: flags: 64bit ncq stag only ccc 
[    1.117817] scsi host2: ahci
[    1.117873] ata3: SATA max UDMA/133 abar m8192@0xf0806000 port 0xf0806100 irq 21
[    1.327144] input: ImExPS/2 Generic Explorer Mouse as /devices/platform/i8042/serio1/input/input5
[    1.436833] ata3: SATA link up 3.0 Gbps (SStatus 123 SControl 300)
[    1.437039] ata3.00: ATA-6: VBOX HARDDISK, 1.0, max UDMA/133
[    1.437040] ata3.00: 63377408 sectors, multi 128: LBA48 NCQ (depth 32)
[    1.446042] ata3.00: configured for UDMA/133
[    1.446122] scsi 2:0:0:0: Direct-Access     ATA      VBOX HARDDISK    1.0  PQ: 0 ANSI: 5
[    1.446261] sd 2:0:0:0: [sda] 63377408 512-byte logical blocks: (32.4 GB/30.2 GiB)
[    1.446265] sd 2:0:0:0: [sda] Write Protect is off
[    1.446266] sd 2:0:0:0: [sda] Mode Sense: 00 3a 00 00
[    1.446272] sd 2:0:0:0: [sda] Write cache: enabled, read cache: enabled, doesn't support DPO or FUA
[    1.446395] sd 2:0:0:0: Attached scsi generic sg1 type 0
[    1.470642]  sda: sda1 sda2 < sda5 sda6 sda7 sda8 >
[    1.471003] sd 2:0:0:0: [sda] Attached SCSI disk
[    1.543583] e1000 0000:00:03.0 eth0: (PCI:33MHz:32-bit) 08:00:27:85:5a:08
[    1.543587] e1000 0000:00:03.0 eth0: Intel(R) PRO/1000 Network Connection
[    1.544546] e1000 0000:00:03.0 enp0s3: renamed from eth0
[    1.716920] EXT4-fs (sda6): mounted filesystem with ordered data mode. Opts: (null)
[    1.856159] systemd[1]: Inserted module 'autofs4'
[    1.868355] systemd[1]: systemd 245.4-4ubuntu3.4 running in system mode. (+PAM +AUDIT +SELINUX +IMA +APPARMOR +SMACK +SYSVINIT +UTMP +LIBCRYPTSETUP +GCRYPT +GNUTLS +ACL +XZ +LZ4 +SECCOMP +BLKID +ELFUTILS +KMOD +IDN2 -IDN +PCRE2 default-hierarchy=hybrid)
[    1.868379] systemd[1]: Detected virtualization oracle.
[    1.868382] systemd[1]: Detected architecture x86-64.
[    1.869385] systemd[1]: Set hostname to <daniela-VirtualBox>.
[    1.991559] systemd[1]: /lib/systemd/system/dbus.socket:5: ListenStream= references a path below legacy directory /var/run/, updating /var/run/dbus/system_bus_socket â†’ /run/dbus/system_bus_socket; please update the unit file accordingly.
[    2.068442] systemd[1]: Created slice system-modprobe.slice.
[    2.068602] systemd[1]: Created slice system-systemd\x2dfsck.slice.
[    2.068734] systemd[1]: Created slice User and Session Slice.
[    2.068775] systemd[1]: Started Forward Password Requests to Wall Directory Watch.
[    2.068888] systemd[1]: Set up automount Arbitrary Executable File Formats File System Automount Point.
[    2.068919] systemd[1]: Reached target User and Group Name Lookups.
[    2.068932] systemd[1]: Reached target Remote File Systems.
[    2.068939] systemd[1]: Reached target Slices.
[    2.068951] systemd[1]: Reached target System Time Set.
[    2.068959] systemd[1]: Reached target System Time Synchronized.
[    2.069041] systemd[1]: Listening on Syslog Socket.
[    2.069101] systemd[1]: Listening on fsck to fsckd communication Socket.
[    2.069141] systemd[1]: Listening on initctl Compatibility Named Pipe.
[    2.069265] systemd[1]: Listening on Journal Audit Socket.
[    2.069318] systemd[1]: Listening on Journal Socket (/dev/log).
[    2.069383] systemd[1]: Listening on Journal Socket.
[    2.069446] systemd[1]: Listening on udev Control Socket.
[    2.069495] systemd[1]: Listening on udev Kernel Socket.
[    2.070170] systemd[1]: Mounting Huge Pages File System...
[    2.070786] systemd[1]: Mounting POSIX Message Queue File System...
[    2.071433] systemd[1]: Mounting Kernel Debug File System...
[    2.072070] systemd[1]: Mounting Kernel Trace File System...
[    2.073608] systemd[1]: Starting Journal Service...
[    2.077953] systemd[1]: Starting Set the console keyboard layout...
[    2.091689] systemd[1]: Starting Create list of static device nodes for the current kernel...
[    2.095944] systemd[1]: Starting Load Kernel Module drm...
[    2.099890] systemd[1]: Condition check resulted in Set Up Additional Binary Formats being skipped.
[    2.099919] systemd[1]: Condition check resulted in File System Check on Root Device being skipped.
[    2.113558] systemd[1]: Starting Load Kernel Modules...
[    2.118475] systemd[1]: Starting Remount Root and Kernel File Systems...
[    2.130627] systemd[1]: Starting udev Coldplug all Devices...
[    2.143483] EXT4-fs (sda6): re-mounted. Opts: errors=remount-ro
[    2.148723] systemd[1]: Starting Uncomplicated firewall...
[    2.155251] systemd[1]: Mounted Huge Pages File System.
[    2.155401] systemd[1]: Mounted POSIX Message Queue File System.
[    2.155512] systemd[1]: Mounted Kernel Debug File System.
[    2.155584] systemd[1]: Mounted Kernel Trace File System.
[    2.159487] systemd[1]: Finished Create list of static device nodes for the current kernel.
[    2.160641] systemd[1]: modprobe@drm.service: Succeeded.
[    2.162096] systemd[1]: Finished Load Kernel Module drm.
[    2.162427] systemd[1]: Finished Remount Root and Kernel File Systems.
[    2.163813] systemd[1]: Finished Uncomplicated firewall.
[    2.176181] lp: driver loaded but no devices found
[    2.176403] systemd[1]: Condition check resulted in Rebuild Hardware Database being skipped.
[    2.176442] systemd[1]: Condition check resulted in Platform Persistent Storage Archival being skipped.
[    2.177452] systemd[1]: Starting Load/Save Random Seed...
[    2.178189] systemd[1]: Starting Create System Users...
[    2.198183] systemd[1]: Finished Load/Save Random Seed.
[    2.202680] ppdev: user-space parallel port driver
[    2.216360] systemd[1]: Finished Create System Users.
[    2.217997] systemd[1]: Starting Create Static Device Nodes in /dev...
[    2.267780] systemd[1]: Finished Create Static Device Nodes in /dev.
[    2.268942] systemd[1]: Starting udev Kernel Device Manager...
[    2.318006] [drm] DMA map mode: Caching DMA mappings.
[    2.318071] [drm] Capabilities:
[    2.318071] [drm]   Cursor.
[    2.318071] [drm]   Cursor bypass 2.
[    2.318072] [drm]   Alpha cursor.
[    2.318072] [drm]   3D.
[    2.318072] [drm]   Extended Fifo.
[    2.318072] [drm]   Pitchlock.
[    2.318073] [drm]   Irq mask.
[    2.318073] [drm]   GMR.
[    2.318073] [drm]   Traces.
[    2.318073] [drm]   GMR2.
[    2.318074] [drm]   Screen Object 2.
[    2.318074] [drm] Max GMR ids is 8192
[    2.318075] [drm] Max number of GMR pages is 1048576
[    2.318075] [drm] Max dedicated hypervisor surface memory is 507904 kiB
[    2.318076] [drm] Maximum display memory size is 16384 kiB
[    2.318076] [drm] VRAM at 0xe0000000 size is 16384 kiB
[    2.318076] [drm] MMIO at 0xf0000000 size is 2048 kiB
[    2.328155] [TTM] Zone  kernel: Available graphics memory: 2015202 KiB
[    2.328156] [TTM] Initializing pool allocator
[    2.328159] [TTM] Initializing DMA pool allocator
[    2.328180] [drm] Supports vblank timestamp caching Rev 2 (21.10.2013).
[    2.328230] [drm] Screen Objects Display Unit initialized
[    2.328316] [drm] width 720
[    2.328328] [drm] height 400
[    2.328340] [drm] bpp 32
[    2.328653] [drm] Fifo max 0x00200000 min 0x00001000 cap 0x00000355
[    2.328661] [drm] Atomic: yes.
[    2.328676] [drm:vmw_host_log [vmwgfx]] *ERROR* Failed to send host log message.
[    2.329593] [drm:vmw_host_log [vmwgfx]] *ERROR* Failed to send host log message.
[    2.334593] fbcon: svgadrmfb (fb0) is primary device
[    2.336520] Console: switching to colour frame buffer device 100x37
[    2.350563] [drm] Initialized vmwgfx 2.18.0 20200114 for 0000:00:02.0 on minor 0
[    2.355179] systemd[1]: Finished Load Kernel Modules.
[    2.356033] systemd[1]: Mounting FUSE Control File System...
[    2.357062] systemd[1]: Mounting Kernel Configuration File System...
[    2.367116] systemd[1]: Starting Apply Kernel Variables...
[    2.383463] systemd[1]: Finished udev Coldplug all Devices.
[    2.384829] systemd[1]: Mounted FUSE Control File System.
[    2.384886] systemd[1]: Condition check resulted in VMware vmblock fuse mount being skipped.
[    2.390614] systemd[1]: Mounted Kernel Configuration File System.
[    2.394025] systemd[1]: Finished Apply Kernel Variables.
[    2.399016] systemd[1]: Finished Set the console keyboard layout.
[    2.399114] systemd[1]: Reached target Local File Systems (Pre).
[    2.401613] systemd[1]: Mounting Mount unit for core18, revision 1880...
[    2.402883] systemd[1]: Mounting Mount unit for core18, revision 1988...
[    2.415408] systemd[1]: Mounting Mount unit for gnome-3-34-1804, revision 36...
[    2.417660] systemd[1]: Mounting Mount unit for gnome-3-34-1804, revision 66...
[    2.421034] /var/lib/snapd/snaps/core18_1880.snap: Can't open blockdev
[    2.427511] systemd[1]: Mounting Mount unit for gtk-common-themes, revision 1506...
[    2.433324] /var/lib/snapd/snaps/core18_1988.snap: Can't open blockdev
[    2.436411] systemd[1]: Mounting Mount unit for gtk-common-themes, revision 1514...
[    2.439685] /var/lib/snapd/snaps/gnome-3-34-1804_36.snap: Can't open blockdev
[    2.445373] /var/lib/snapd/snaps/gtk-common-themes_1506.snap: Can't open blockdev
[    2.445903] /var/lib/snapd/snaps/gnome-3-34-1804_66.snap: Can't open blockdev
[    2.447942] systemd[1]: Mounting Mount unit for snap-store, revision 467...
[    2.453846] systemd[1]: Mounting Mount unit for snap-store, revision 518...
[    2.463351] /var/lib/snapd/snaps/gtk-common-themes_1514.snap: Can't open blockdev
[    2.464818] systemd[1]: Mounting Mount unit for snapd, revision 11107...
[    2.465629] /var/lib/snapd/snaps/snap-store_467.snap: Can't open blockdev
[    2.470972] systemd[1]: Mounting Mount unit for snapd, revision 8542...
[    2.471265] systemd[1]: Started Journal Service.
[    2.478191] /var/lib/snapd/snaps/snap-store_518.snap: Can't open blockdev
[    2.478442] /var/lib/snapd/snaps/snapd_11107.snap: Can't open blockdev
[    2.480783] /var/lib/snapd/snaps/snapd_8542.snap: Can't open blockdev
[    2.519626] systemd-journald[229]: Received client request to flush runtime journal.
[    2.849312] vboxguest: loading out-of-tree module taints kernel.
[    2.849438] vboxguest: module verification failed: signature and/or required key missing - tainting kernel
[    2.904066] vgdrvHeartbeatInit: Setting up heartbeat to trigger every 2000 milliseconds
[    2.904189] input: Unspecified device as /devices/pci0000:00/0000:00:04.0/input/input6
[    2.910279] vboxguest: Successfully loaded version 6.1.18
[    2.910308] vboxguest: misc device minor 58, IRQ 20, I/O port d040, MMIO at 00000000f0400000 (size 0x400000)
[    2.910309] vboxguest: Successfully loaded version 6.1.18 (interface 0x00010004)
[    2.963747] RAPL PMU: API unit is 2^-32 Joules, 0 fixed counters, 10737418240 ms ovfl timer
[    3.039265] cryptd: max_cpu_qlen set to 1000
[    3.064463] AVX2 version of gcm_enc/dec engaged.
[    3.064464] AES CTR mode by8 optimization enabled
[    3.536982] Adding 1998844k swap on /dev/sda5.  Priority:-2 extents:1 across:1998844k FS
[    3.605423] EXT4-fs (sda8): mounted filesystem with ordered data mode. Opts: (null)
[    3.617672] EXT4-fs (sda7): mounted filesystem with ordered data mode. Opts: (null)
[    3.895544] EXT4-fs (sda1): mounted filesystem with ordered data mode. Opts: (null)
[    4.072297] audit: type=1400 audit(1616096675.764:2): apparmor="STATUS" operation="profile_load" profile="unconfined" name="/usr/bin/man" pid=485 comm="apparmor_parser"
[    4.072299] audit: type=1400 audit(1616096675.764:3): apparmor="STATUS" operation="profile_load" profile="unconfined" name="man_filter" pid=485 comm="apparmor_parser"
[    4.072301] audit: type=1400 audit(1616096675.764:4): apparmor="STATUS" operation="profile_load" profile="unconfined" name="man_groff" pid=485 comm="apparmor_parser"
[    4.090159] audit: type=1400 audit(1616096675.784:5): apparmor="STATUS" operation="profile_load" profile="unconfined" name="nvidia_modprobe" pid=487 comm="apparmor_parser"
[    4.090161] audit: type=1400 audit(1616096675.784:6): apparmor="STATUS" operation="profile_load" profile="unconfined" name="nvidia_modprobe//kmod" pid=487 comm="apparmor_parser"
[    4.154943] audit: type=1400 audit(1616096675.848:7): apparmor="STATUS" operation="profile_load" profile="unconfined" name="ippusbxd" pid=489 comm="apparmor_parser"
[    4.171073] audit: type=1400 audit(1616096675.864:8): apparmor="STATUS" operation="profile_load" profile="unconfined" name="/usr/sbin/cups-browsed" pid=491 comm="apparmor_parser"
[    4.336170] audit: type=1400 audit(1616096676.028:9): apparmor="STATUS" operation="profile_load" profile="unconfined" name="/usr/bin/evince" pid=492 comm="apparmor_parser"
[    4.336173] audit: type=1400 audit(1616096676.028:10): apparmor="STATUS" operation="profile_load" profile="unconfined" name="/usr/bin/evince//sanitized_helper" pid=492 comm="apparmor_parser"
[    4.615548] snd_intel8x0 0000:00:05.0: white list rate for 1028:0177 is 48000
[    5.748782] kauditd_printk_skb: 33 callbacks suppressed
[    5.748783] audit: type=1400 audit(1616096677.436:44): apparmor="DENIED" operation="capable" profile="/usr/sbin/cups-browsed" pid=671 comm="cups-browsed" capability=23  capname="sys_nice"
[    6.107567] e1000: enp0s3 NIC Link is Up 1000 Mbps Full Duplex, Flow Control: RX
[    6.107799] IPv6: ADDRCONF(NETDEV_CHANGE): enp0s3: link becomes ready
[    6.712749] 19:44:38.407417 main     VBoxService 6.1.18 r142142 (verbosity: 0) linux.amd64 (Jan  7 2021 17:26:51) release log
               19:44:38.407419 main     Log opened 2021-03-18T19:44:38.407411000Z
[    6.712799] 19:44:38.407511 main     OS Product: Linux
[    6.712830] 19:44:38.407550 main     OS Release: 5.8.0-44-generic
[    6.712860] 19:44:38.407581 main     OS Version: #50~20.04.1-Ubuntu SMP Wed Feb 10 21:07:30 UTC 2021
[    6.712897] 19:44:38.407610 main     Executable: /opt/VBoxGuestAdditions-6.1.18/sbin/VBoxService
               19:44:38.407610 main     Process ID: 854
               19:44:38.407611 main     Package type: LINUX_64BITS_GENERIC
[    6.716725] 19:44:38.411410 main     6.1.18 r142142 started. Verbose level = 0
[    6.718406] 19:44:38.413101 main     vbglR3GuestCtrlDetectPeekGetCancelSupport: Supported (#1)
[    9.440279] rfkill: input handler disabled
[ 2066.833928] rfkill: input handler enabled
[ 2070.913810] ISO 9660 Extensions: Microsoft Joliet Level 3
[ 2070.946600] ISO 9660 Extensions: RRIP_1991A
[ 2071.999505] rfkill: input handler disabled
[ 2151.076655] vboxsf: g_fHostFeatures=0x8000000f g_fSfFeatures=0x1 g_uSfLastFunction=29
[ 2151.076857] vboxsf: Successfully loaded version 6.1.18
[ 2151.077104] vboxsf: Successfully loaded version 6.1.18 (LINUX_VERSION_CODE=0x50812)
[ 2216.812460] calypso: [calypso_init] Initializing Calypso in mode 0
[ 2216.812462] calypso: [calypso_dev_init] Allocated memory for device struct
[ 2216.812492] calypso: [calypso_dev_init] Allocated memory buffer for device
[ 2216.812492] calypso: [calypso_init] Calypso driver is initialized
[ 2216.812523] calypso: [calypso_init_ram] Allocated memory for RAM device
[ 2216.812523] calypso: [calypso_init] RAM device is initialized
[ 2216.812525] calypso: [calypso_dev_no_queue_setup] Registered block device with major 252
[ 2216.812543] calypso: [calypso_dev_no_queue_setup] calypso_dev->queue->limits.physical_block_size: 512
[ 2216.812543] calypso: [calypso_dev_no_queue_setup] Set up request queue
[ 2216.812546] calypso: [calypso_dev_no_queue_setup] Allocated disk
[ 2216.813519] calypso: [calypso_dev_no_queue_setup] Calypso device initialised
[ 2216.813520] calypso: [calypso_init] Calypso driver is set up
[ 2216.813521] calypso: [calypso_open_physical_disk] Before open physical device: /dev/sda8
[ 2216.813527] calypso: [calypso_init] Opened physical disk /dev/sda8
[ 2216.813527] calypso: [calypso_link_physical_virtual_disk] Device real capacity: 63377408
[ 2216.813528] calypso: [calypso_link_physical_virtual_disk] Max sectors: 65535
[ 2216.813529] calypso: [calypso_link_physical_virtual_disk] Done linking physical and virtual devices
[ 2216.813530] calypso: [calypso_snoop_io_requests_to_physical_dev] physical_dev_queue->make_request_fn: 0000000000000000
[ 2216.813531] calypso: [calypso_snoop_io_requests_to_physical_dev] snoop_physical_make_request_fn: 00000000da53e2ac
[ 2216.813532] calypso: [calypso_snoop_io_requests_to_physical_dev] physical_dev_queue->make_request_fn: 0000000000000000
[ 2216.813532] calypso: [calypso_snoop_io_requests_to_physical_dev] physical_dev_queue->make_request_fn: 0000000000000000
[ 2216.813538] calypso: [calypso_partition_fs_info] The file system installed on /dev/sda8 is ext4
[ 2216.813540] calypso: [calypso_partition_fs_info] -------- INFO ON ext4_super_block: --------
                                                    Partition /dev/sda8 has 1104384 blocks
                                                    55218 reserved blocks
                                                    622204 free blocks
                                                    cluster size is 2
                                                    32768 blocks per group
[ 2216.813541] calypso: [calypso_iterate_partition_blocks_groups] Iterating through 34 groups
[ 2216.813542] calypso: [calypso_iterate_partition_blocks_groups] ------ START GROUP # 0 ------
[ 2216.813549] bitmap_for_each_clear_region
[ 2216.813549] nbits 32768
[ 2216.813550] free_count 20611 ; rs 12157 ; re 32768
[ 2216.813551] Empty blocks from block #12157 to block #32768
[ 2216.813552] calypso: [calypso_iterate_partition_blocks_groups] GROUP # 0: stored = 20611, counted = 20611
[ 2216.813552] calypso: [calypso_iterate_partition_blocks_groups] ------ END GROUP # 0 ------
[ 2216.813553] calypso: [calypso_iterate_partition_blocks_groups] ------ START GROUP # 1 ------
[ 2216.813555] bitmap_for_each_clear_region
[ 2216.813555] nbits 32768
[ 2216.813556] free_count 384 ; rs 11776 ; re 12160
[ 2216.813556] Empty blocks from block #44544 to block #44928
[ 2216.813557] free_count 512 ; rs 16128 ; re 16256
[ 2216.813557] Empty blocks from block #48896 to block #49024
[ 2216.813558] free_count 640 ; rs 18048 ; re 18176
[ 2216.813558] Empty blocks from block #50816 to block #50944
[ 2216.813559] free_count 896 ; rs 18432 ; re 18688
[ 2216.813559] Empty blocks from block #51200 to block #51456
[ 2216.813560] free_count 1024 ; rs 18816 ; re 18944
[ 2216.813560] Empty blocks from block #51584 to block #51712
[ 2216.813561] free_count 1152 ; rs 22400 ; re 22528
[ 2216.813561] Empty blocks from block #55168 to block #55296
[ 2216.813562] free_count 1600 ; rs 25792 ; re 26240
[ 2216.813562] Empty blocks from block #58560 to block #59008
[ 2216.813563] free_count 1601 ; rs 27870 ; re 27871
[ 2216.813563] Empty blocks from block #60638 to block #60639
[ 2216.813564] free_count 1602 ; rs 27919 ; re 27920
[ 2216.813564] Empty blocks from block #60687 to block #60688
[ 2216.813565] free_count 1606 ; rs 27924 ; re 27928
[ 2216.813565] Empty blocks from block #60692 to block #60696
[ 2216.813565] free_count 1607 ; rs 27939 ; re 27940
[ 2216.813566] Empty blocks from block #60707 to block #60708
[ 2216.813566] free_count 1608 ; rs 27944 ; re 27945
[ 2216.813567] Empty blocks from block #60712 to block #60713
[ 2216.813567] free_count 1609 ; rs 28011 ; re 28012
[ 2216.813568] Empty blocks from block #60779 to block #60780
[ 2216.813568] free_count 1617 ; rs 28016 ; re 28024
[ 2216.813569] Empty blocks from block #60784 to block #60792
[ 2216.813569] free_count 1618 ; rs 28026 ; re 28027
[ 2216.813569] Empty blocks from block #60794 to block #60795
[ 2216.813570] free_count 1619 ; rs 28075 ; re 28076
[ 2216.813570] Empty blocks from block #60843 to block #60844
[ 2216.813571] free_count 1660 ; rs 28080 ; re 28121
[ 2216.813571] Empty blocks from block #60848 to block #60889
[ 2216.813572] free_count 1661 ; rs 28123 ; re 28124
[ 2216.813572] Empty blocks from block #60891 to block #60892
[ 2216.813573] free_count 1710 ; rs 28128 ; re 28177
[ 2216.813573] Empty blocks from block #60896 to block #60945
[ 2216.813574] free_count 1711 ; rs 28185 ; re 28186
[ 2216.813574] Empty blocks from block #60953 to block #60954
[ 2216.813574] free_count 1728 ; rs 28192 ; re 28209
[ 2216.813575] Empty blocks from block #60960 to block #60977
[ 2216.813575] free_count 1729 ; rs 28217 ; re 28218
[ 2216.813576] Empty blocks from block #60985 to block #60986
[ 2216.813576] free_count 1745 ; rs 28224 ; re 28240
[ 2216.813577] Empty blocks from block #60992 to block #61008
[ 2216.813577] free_count 1747 ; rs 28245 ; re 28247
[ 2216.813577] Empty blocks from block #61013 to block #61015
[ 2216.813578] free_count 1748 ; rs 28255 ; re 28256
[ 2216.813578] Empty blocks from block #61023 to block #61024
[ 2216.813579] free_count 1749 ; rs 28258 ; re 28259
[ 2216.813579] Empty blocks from block #61026 to block #61027
[ 2216.813580] free_count 1765 ; rs 28272 ; re 28288
[ 2216.813580] Empty blocks from block #61040 to block #61056
[ 2216.813581] free_count 1766 ; rs 28291 ; re 28292
[ 2216.813581] Empty blocks from block #61059 to block #61060
[ 2216.813582] free_count 1774 ; rs 28296 ; re 28304
[ 2216.813582] Empty blocks from block #61064 to block #61072
[ 2216.813582] free_count 1775 ; rs 28308 ; re 28309
[ 2216.813583] Empty blocks from block #61076 to block #61077
[ 2216.813583] free_count 1776 ; rs 28321 ; re 28322
[ 2216.813584] Empty blocks from block #61089 to block #61090
[ 2216.813584] free_count 1777 ; rs 28324 ; re 28325
[ 2216.813585] Empty blocks from block #61092 to block #61093
[ 2216.813585] free_count 1778 ; rs 28345 ; re 28346
[ 2216.813586] Empty blocks from block #61113 to block #61114
[ 2216.813586] free_count 1779 ; rs 28352 ; re 28353
[ 2216.813586] Empty blocks from block #61120 to block #61121
[ 2216.813587] free_count 1843 ; rs 28368 ; re 28432
[ 2216.813587] Empty blocks from block #61136 to block #61200
[ 2216.813588] free_count 1844 ; rs 28434 ; re 28435
[ 2216.813588] Empty blocks from block #61202 to block #61203
[ 2216.813589] free_count 1853 ; rs 28456 ; re 28465
[ 2216.813589] Empty blocks from block #61224 to block #61233
[ 2216.813590] free_count 1854 ; rs 28476 ; re 28477
[ 2216.813590] Empty blocks from block #61244 to block #61245
[ 2216.813590] free_count 1855 ; rs 28695 ; re 28696
[ 2216.813591] Empty blocks from block #61463 to block #61464
[ 2216.813591] free_count 1856 ; rs 28723 ; re 28724
[ 2216.813592] Empty blocks from block #61491 to block #61492
[ 2216.813592] free_count 1857 ; rs 28730 ; re 28731
[ 2216.813593] Empty blocks from block #61498 to block #61499
[ 2216.813593] free_count 1858 ; rs 28745 ; re 28746
[ 2216.813594] Empty blocks from block #61513 to block #61514
[ 2216.813594] free_count 1859 ; rs 28756 ; re 28757
[ 2216.813594] Empty blocks from block #61524 to block #61525
[ 2216.813595] free_count 1860 ; rs 29019 ; re 29020
[ 2216.813595] Empty blocks from block #61787 to block #61788
[ 2216.813596] free_count 1861 ; rs 29022 ; re 29023
[ 2216.813596] Empty blocks from block #61790 to block #61791
[ 2216.813597] free_count 1871 ; rs 29055 ; re 29065
[ 2216.813597] Empty blocks from block #61823 to block #61833
[ 2216.813598] free_count 1887 ; rs 29096 ; re 29112
[ 2216.813598] Empty blocks from block #61864 to block #61880
[ 2216.813598] free_count 1896 ; rs 29120 ; re 29129
[ 2216.813599] Empty blocks from block #61888 to block #61897
[ 2216.813599] free_count 1897 ; rs 29139 ; re 29140
[ 2216.813600] Empty blocks from block #61907 to block #61908
[ 2216.813600] free_count 1913 ; rs 29144 ; re 29160
[ 2216.813601] Empty blocks from block #61912 to block #61928
[ 2216.813601] free_count 1914 ; rs 29164 ; re 29165
[ 2216.813602] Empty blocks from block #61932 to block #61933
[ 2216.813602] free_count 1915 ; rs 29207 ; re 29208
[ 2216.813602] Empty blocks from block #61975 to block #61976
[ 2216.813603] free_count 1916 ; rs 29214 ; re 29215
[ 2216.813603] Empty blocks from block #61982 to block #61983
[ 2216.813604] free_count 1917 ; rs 29235 ; re 29236
[ 2216.813604] Empty blocks from block #62003 to block #62004
[ 2216.813605] free_count 1918 ; rs 29258 ; re 29259
[ 2216.813605] Empty blocks from block #62026 to block #62027
[ 2216.813606] free_count 1919 ; rs 29275 ; re 29276
[ 2216.813606] Empty blocks from block #62043 to block #62044
[ 2216.813606] free_count 1928 ; rs 29280 ; re 29289
[ 2216.813607] Empty blocks from block #62048 to block #62057
[ 2216.813607] free_count 1929 ; rs 29319 ; re 29320
[ 2216.813608] Empty blocks from block #62087 to block #62088
[ 2216.813608] free_count 1930 ; rs 29359 ; re 29360
[ 2216.813609] Empty blocks from block #62127 to block #62128
[ 2216.813609] free_count 1931 ; rs 29362 ; re 29363
[ 2216.813610] Empty blocks from block #62130 to block #62131
[ 2216.813610] free_count 1971 ; rs 29384 ; re 29424
[ 2216.813610] Empty blocks from block #62152 to block #62192
[ 2216.813611] free_count 1972 ; rs 29535 ; re 29536
[ 2216.813611] Empty blocks from block #62303 to block #62304
[ 2216.813612] free_count 1973 ; rs 29546 ; re 29547
[ 2216.813612] Empty blocks from block #62314 to block #62315
[ 2216.813613] free_count 1974 ; rs 29568 ; re 29569
[ 2216.813613] Empty blocks from block #62336 to block #62337
[ 2216.813614] free_count 1998 ; rs 29640 ; re 29664
[ 2216.813614] Empty blocks from block #62408 to block #62432
[ 2216.813615] free_count 1999 ; rs 29670 ; re 29671
[ 2216.813615] Empty blocks from block #62438 to block #62439
[ 2216.813615] free_count 2023 ; rs 29696 ; re 29720
[ 2216.813616] Empty blocks from block #62464 to block #62488
[ 2216.813616] free_count 2024 ; rs 29731 ; re 29732
[ 2216.813617] Empty blocks from block #62499 to block #62500
[ 2216.813617] free_count 2025 ; rs 29740 ; re 29741
[ 2216.813618] Empty blocks from block #62508 to block #62509
[ 2216.813618] free_count 2026 ; rs 29750 ; re 29751
[ 2216.813619] Empty blocks from block #62518 to block #62519
[ 2216.813619] free_count 2050 ; rs 29760 ; re 29784
[ 2216.813619] Empty blocks from block #62528 to block #62552
[ 2216.813620] free_count 2051 ; rs 29801 ; re 29802
[ 2216.813620] Empty blocks from block #62569 to block #62570
[ 2216.813621] free_count 2091 ; rs 29808 ; re 29848
[ 2216.813621] Empty blocks from block #62576 to block #62616
[ 2216.813622] free_count 2092 ; rs 29850 ; re 29851
[ 2216.813622] Empty blocks from block #62618 to block #62619
[ 2216.813623] free_count 2100 ; rs 29896 ; re 29904
[ 2216.813623] Empty blocks from block #62664 to block #62672
[ 2216.813623] free_count 2133 ; rs 29951 ; re 29984
[ 2216.813624] Empty blocks from block #62719 to block #62752
[ 2216.813624] free_count 2134 ; rs 29994 ; re 29995
[ 2216.813625] Empty blocks from block #62762 to block #62763
[ 2216.813625] free_count 2143 ; rs 30016 ; re 30025
[ 2216.813626] Empty blocks from block #62784 to block #62793
[ 2216.813626] free_count 2144 ; rs 30083 ; re 30084
[ 2216.813626] Empty blocks from block #62851 to block #62852
[ 2216.813627] free_count 2152 ; rs 30088 ; re 30096
[ 2216.813627] Empty blocks from block #62856 to block #62864
[ 2216.813628] free_count 2153 ; rs 30102 ; re 30103
[ 2216.813628] Empty blocks from block #62870 to block #62871
[ 2216.813629] free_count 2154 ; rs 30113 ; re 30114
[ 2216.813629] Empty blocks from block #62881 to block #62882
[ 2216.813630] free_count 2170 ; rs 30120 ; re 30136
[ 2216.813630] Empty blocks from block #62888 to block #62904
[ 2216.813631] free_count 2186 ; rs 30144 ; re 30160
[ 2216.813631] Empty blocks from block #62912 to block #62928
[ 2216.813631] free_count 2194 ; rs 30232 ; re 30240
[ 2216.813632] Empty blocks from block #63000 to block #63008
[ 2216.813632] free_count 2210 ; rs 30248 ; re 30264
[ 2216.813633] Empty blocks from block #63016 to block #63032
[ 2216.813633] free_count 2650 ; rs 30280 ; re 30720
[ 2216.813634] Empty blocks from block #63048 to block #63488
[ 2216.813634] free_count 2651 ; rs 30722 ; re 30723
[ 2216.813635] Empty blocks from block #63490 to block #63491
[ 2216.813635] free_count 2652 ; rs 30725 ; re 30726
[ 2216.813635] Empty blocks from block #63493 to block #63494
[ 2216.813636] free_count 2717 ; rs 30728 ; re 30793
[ 2216.813636] Empty blocks from block #63496 to block #63561
[ 2216.813637] free_count 2821 ; rs 30800 ; re 30904
[ 2216.813637] Empty blocks from block #63568 to block #63672
[ 2216.813638] free_count 2822 ; rs 30910 ; re 30911
[ 2216.813638] Empty blocks from block #63678 to block #63679
[ 2216.813639] free_count 3878 ; rs 30912 ; re 31968
[ 2216.813639] Empty blocks from block #63680 to block #64736
[ 2216.813640] free_count 3879 ; rs 31970 ; re 31971
[ 2216.813640] Empty blocks from block #64738 to block #64739
[ 2216.813641] free_count 3880 ; rs 31977 ; re 31978
[ 2216.813641] Empty blocks from block #64745 to block #64746
[ 2216.813641] free_count 3888 ; rs 31984 ; re 31992
[ 2216.813642] Empty blocks from block #64752 to block #64760
[ 2216.813642] free_count 3889 ; rs 32005 ; re 32006
[ 2216.813643] Empty blocks from block #64773 to block #64774
[ 2216.813643] free_count 3897 ; rs 32008 ; re 32016
[ 2216.813644] Empty blocks from block #64776 to block #64784
[ 2216.813644] free_count 3898 ; rs 32052 ; re 32053
[ 2216.813645] Empty blocks from block #64820 to block #64821
[ 2216.813645] free_count 3899 ; rs 32057 ; re 32058
[ 2216.813645] Empty blocks from block #64825 to block #64826
[ 2216.813646] free_count 3988 ; rs 32064 ; re 32153
[ 2216.813646] Empty blocks from block #64832 to block #64921
[ 2216.813647] free_count 3989 ; rs 32215 ; re 32216
[ 2216.813647] Empty blocks from block #64983 to block #64984
[ 2216.813648] free_count 3990 ; rs 32220 ; re 32221
[ 2216.813648] Empty blocks from block #64988 to block #64989
[ 2216.813649] free_count 3998 ; rs 32248 ; re 32256
[ 2216.813649] Empty blocks from block #65016 to block #65024
[ 2216.813650] free_count 3999 ; rs 32260 ; re 32261
[ 2216.813650] Empty blocks from block #65028 to block #65029
[ 2216.813650] free_count 4000 ; rs 32265 ; re 32266
[ 2216.813651] Empty blocks from block #65033 to block #65034
[ 2216.813651] free_count 4009 ; rs 32279 ; re 32288
[ 2216.813652] Empty blocks from block #65047 to block #65056
[ 2216.813652] free_count 4010 ; rs 32357 ; re 32358
[ 2216.813653] Empty blocks from block #65125 to block #65126
[ 2216.813653] free_count 4082 ; rs 32360 ; re 32432
[ 2216.813653] Empty blocks from block #65128 to block #65200
[ 2216.813654] free_count 4083 ; rs 32434 ; re 32435
[ 2216.813654] Empty blocks from block #65202 to block #65203
[ 2216.813655] free_count 4187 ; rs 32440 ; re 32544
[ 2216.813655] Empty blocks from block #65208 to block #65312
[ 2216.813656] free_count 4188 ; rs 32551 ; re 32552
[ 2216.813656] Empty blocks from block #65319 to block #65320
[ 2216.813657] free_count 4189 ; rs 32565 ; re 32566
[ 2216.813657] Empty blocks from block #65333 to block #65334
[ 2216.813658] free_count 4197 ; rs 32568 ; re 32576
[ 2216.813658] Empty blocks from block #65336 to block #65344
[ 2216.813658] free_count 4198 ; rs 32677 ; re 32678
[ 2216.813659] Empty blocks from block #65445 to block #65446
[ 2216.813659] free_count 4199 ; rs 32692 ; re 32693
[ 2216.813660] Empty blocks from block #65460 to block #65461
[ 2216.813660] free_count 4215 ; rs 32712 ; re 32728
[ 2216.813661] Empty blocks from block #65480 to block #65496
[ 2216.813661] free_count 4216 ; rs 32757 ; re 32758
[ 2216.813662] Empty blocks from block #65525 to block #65526
[ 2216.813662] free_count 4217 ; rs 32762 ; re 32763
[ 2216.813662] Empty blocks from block #65530 to block #65531
[ 2216.813663] calypso: [calypso_iterate_partition_blocks_groups] GROUP # 1: stored = 4217, counted = 4217
[ 2216.813663] calypso: [calypso_iterate_partition_blocks_groups] GROUP # 1: stored = 4217, counted = 4217
[ 2216.813664] calypso: [calypso_iterate_partition_blocks_groups] ------ END GROUP # 1 ------
START GROUP # 2 ------
[ 2216.813664] calypso: [calypso_iterate_partition_blocks_groups] ------ START GROUP # 2 ------
[ 2216.813666] bitmap_for_each_clear_region
[ 2216.813666] nbits 32768
[ 2216.813667] free_count 2 ; rs 22 ; re 24
[ 2216.813667] Empty blocks from block #65558 to block #65560
[ 2216.813668] free_count 8 ; rs 67 ; re 73
[ 2216.813668] Empty blocks from block #65603 to block #65609
[ 2216.813669] free_count 9 ; rs 74 ; re 75
[ 2216.813669] Empty blocks from block #65610 to block #65611
[ 2216.813670] free_count 24 ; rs 99 ; re 114
[ 2216.813670] Empty blocks from block #65635 to block #65650
[ 2216.813671] free_count 27 ; rs 125 ; re 128
[ 2216.813671] Empty blocks from block #65661 to block #65664
[ 2216.813672] free_count 2190 ; rs 235 ; re 2398
[ 2216.813672] Empty blocks from block #65771 to block #67934
[ 2216.813673] free_count 2338 ; rs 2399 ; re 2547
[ 2216.813673] Empty blocks from block #67935 to block #68083
[ 2216.813674] free_count 2465 ; rs 2549 ; re 2676
[ 2216.813674] Empty blocks from block #68085 to block #68212
[ 2216.813675] free_count 2901 ; rs 3267 ; re 3703
[ 2216.813675] Empty blocks from block #68803 to block #69239
[ 2216.813676] free_count 2942 ; rs 3743 ; re 3784
[ 2216.813676] Empty blocks from block #69279 to block #69320
[ 2216.813677] free_count 2960 ; rs 3810 ; re 3828
[ 2216.813677] Empty blocks from block #69346 to block #69364
[ 2216.813678] free_count 2964 ; rs 3838 ; re 3842
[ 2216.813678] Empty blocks from block #69374 to block #69378
[ 2216.813678] free_count 2969 ; rs 3853 ; re 3858
[ 2216.813679] Empty blocks from block #69389 to block #69394
[ 2216.813679] free_count 2974 ; rs 3914 ; re 3919
[ 2216.813680] Empty blocks from block #69450 to block #69455
[ 2216.813680] free_count 3017 ; rs 3940 ; re 3983
[ 2216.813681] Empty blocks from block #69476 to block #69519
[ 2216.813681] free_count 3022 ; rs 4007 ; re 4012
[ 2216.813682] Empty blocks from block #69543 to block #69548
[ 2216.813682] free_count 3047 ; rs 4017 ; re 4042
[ 2216.813682] Empty blocks from block #69553 to block #69578
[ 2216.813683] free_count 3059 ; rs 4062 ; re 4074
[ 2216.813683] Empty blocks from block #69598 to block #69610
[ 2216.813684] free_count 3078 ; rs 4085 ; re 4104
[ 2216.813684] Empty blocks from block #69621 to block #69640
[ 2216.813685] free_count 3079 ; rs 4105 ; re 4106
[ 2216.813685] Empty blocks from block #69641 to block #69642
[ 2216.813686] free_count 3087 ; rs 4108 ; re 4116
[ 2216.813686] Empty blocks from block #69644 to block #69652
[ 2216.813687] free_count 3095 ; rs 4341 ; re 4349
[ 2216.813687] Empty blocks from block #69877 to block #69885
[ 2216.813688] free_count 3100 ; rs 4426 ; re 4431
[ 2216.813688] Empty blocks from block #69962 to block #69967
[ 2216.813688] free_count 3142 ; rs 4442 ; re 4484
[ 2216.813689] Empty blocks from block #69978 to block #70020
[ 2216.813689] free_count 3206 ; rs 4491 ; re 4555
[ 2216.813690] Empty blocks from block #70027 to block #70091
[ 2216.813690] free_count 3208 ; rs 5591 ; re 5593
[ 2216.813691] Empty blocks from block #71127 to block #71129
[ 2216.813691] free_count 3210 ; rs 5600 ; re 5602
[ 2216.813692] Empty blocks from block #71136 to block #71138
[ 2216.813692] free_count 3245 ; rs 5870 ; re 5905
[ 2216.813692] Empty blocks from block #71406 to block #71441
[ 2216.813693] free_count 3247 ; rs 5923 ; re 5925
[ 2216.813693] Empty blocks from block #71459 to block #71461
[ 2216.813694] free_count 3251 ; rs 5935 ; re 5939
[ 2216.813694] Empty blocks from block #71471 to block #71475
[ 2216.813695] free_count 3263 ; rs 5942 ; re 5954
[ 2216.813695] Empty blocks from block #71478 to block #71490
[ 2216.813696] free_count 3278 ; rs 5956 ; re 5971
[ 2216.813696] Empty blocks from block #71492 to block #71507
[ 2216.813697] free_count 3298 ; rs 6004 ; re 6024
[ 2216.813697] Empty blocks from block #71540 to block #71560
[ 2216.813697] free_count 3302 ; rs 6041 ; re 6045
[ 2216.813698] Empty blocks from block #71577 to block #71581
[ 2216.813698] free_count 3309 ; rs 6047 ; re 6054
[ 2216.813699] Empty blocks from block #71583 to block #71590
[ 2216.813699] free_count 3315 ; rs 6062 ; re 6068
[ 2216.813700] Empty blocks from block #71598 to block #71604
[ 2216.813700] free_count 3333 ; rs 6075 ; re 6093
[ 2216.813701] Empty blocks from block #71611 to block #71629
[ 2216.813701] free_count 3335 ; rs 6102 ; re 6104
[ 2216.813701] Empty blocks from block #71638 to block #71640
[ 2216.813702] free_count 3346 ; rs 6126 ; re 6137
[ 2216.813702] Empty blocks from block #71662 to block #71673
[ 2216.813703] free_count 3356 ; rs 6153 ; re 6163
[ 2216.813703] Empty blocks from block #71689 to block #71699
[ 2216.813704] free_count 3369 ; rs 6176 ; re 6189
[ 2216.813704] Empty blocks from block #71712 to block #71725
[ 2216.813705] free_count 3384 ; rs 6226 ; re 6241
[ 2216.813705] Empty blocks from block #71762 to block #71777
[ 2216.813706] free_count 3450 ; rs 6269 ; re 6335
[ 2216.813706] Empty blocks from block #71805 to block #71871
[ 2216.813707] free_count 3457 ; rs 6337 ; re 6344
[ 2216.813707] Empty blocks from block #71873 to block #71880
[ 2216.813707] free_count 3476 ; rs 6357 ; re 6376
[ 2216.813708] Empty blocks from block #71893 to block #71912
[ 2216.813708] free_count 3491 ; rs 6413 ; re 6428
[ 2216.813709] Empty blocks from block #71949 to block #71964
[ 2216.813709] free_count 3530 ; rs 6485 ; re 6524
[ 2216.813710] Empty blocks from block #72021 to block #72060
[ 2216.813710] free_count 3541 ; rs 6553 ; re 6564
[ 2216.813711] Empty blocks from block #72089 to block #72100
[ 2216.813711] free_count 3546 ; rs 6566 ; re 6571
[ 2216.813711] Empty blocks from block #72102 to block #72107
[ 2216.813712] free_count 3550 ; rs 6599 ; re 6603
[ 2216.813712] Empty blocks from block #72135 to block #72139
[ 2216.813713] free_count 3568 ; rs 6607 ; re 6625
[ 2216.813713] Empty blocks from block #72143 to block #72161
[ 2216.813714] free_count 3577 ; rs 6640 ; re 6649
[ 2216.813714] Empty blocks from block #72176 to block #72185
[ 2216.813715] free_count 3585 ; rs 6739 ; re 6747
[ 2216.813715] Empty blocks from block #72275 to block #72283
[ 2216.813716] free_count 3586 ; rs 6751 ; re 6752
[ 2216.813716] Empty blocks from block #72287 to block #72288
[ 2216.813716] free_count 3593 ; rs 6755 ; re 6762
[ 2216.813717] Empty blocks from block #72291 to block #72298
[ 2216.813717] free_count 3600 ; rs 6766 ; re 6773
[ 2216.813718] Empty blocks from block #72302 to block #72309
[ 2216.813718] free_count 3604 ; rs 6777 ; re 6781
[ 2216.813719] Empty blocks from block #72313 to block #72317
[ 2216.813719] free_count 3606 ; rs 6826 ; re 6828
[ 2216.813720] Empty blocks from block #72362 to block #72364
[ 2216.813720] free_count 3609 ; rs 6832 ; re 6835
[ 2216.813720] Empty blocks from block #72368 to block #72371
[ 2216.813721] free_count 3611 ; rs 6906 ; re 6908
[ 2216.813721] Empty blocks from block #72442 to block #72444
[ 2216.813722] free_count 3615 ; rs 6966 ; re 6970
[ 2216.813722] Empty blocks from block #72502 to block #72506
[ 2216.813723] free_count 3627 ; rs 6987 ; re 6999
[ 2216.813723] Empty blocks from block #72523 to block #72535
[ 2216.813724] free_count 3637 ; rs 7015 ; re 7025
[ 2216.813724] Empty blocks from block #72551 to block #72561
[ 2216.813725] free_count 3639 ; rs 7031 ; re 7033
[ 2216.813725] Empty blocks from block #72567 to block #72569
[ 2216.813725] free_count 3686 ; rs 7037 ; re 7084
[ 2216.813726] Empty blocks from block #72573 to block #72620
[ 2216.813726] free_count 3695 ; rs 7090 ; re 7099
[ 2216.813727] Empty blocks from block #72626 to block #72635
[ 2216.813727] free_count 3712 ; rs 7113 ; re 7130
[ 2216.813728] Empty blocks from block #72649 to block #72666
[ 2216.813728] free_count 3720 ; rs 7136 ; re 7144
[ 2216.813729] Empty blocks from block #72672 to block #72680
[ 2216.813729] free_count 3764 ; rs 7184 ; re 7228
[ 2216.813729] Empty blocks from block #72720 to block #72764
[ 2216.813730] free_count 3770 ; rs 7245 ; re 7251
[ 2216.813730] Empty blocks from block #72781 to block #72787
[ 2216.813731] free_count 3777 ; rs 7266 ; re 7273
[ 2216.813731] Empty blocks from block #72802 to block #72809
[ 2216.813732] free_count 3817 ; rs 7279 ; re 7319
[ 2216.813732] Empty blocks from block #72815 to block #72855
[ 2216.813733] free_count 3837 ; rs 7320 ; re 7340
[ 2216.813733] Empty blocks from block #72856 to block #72876
[ 2216.813734] free_count 3841 ; rs 7341 ; re 7345
[ 2216.813734] Empty blocks from block #72877 to block #72881
[ 2216.813734] free_count 3843 ; rs 7350 ; re 7352
[ 2216.813735] Empty blocks from block #72886 to block #72888
[ 2216.813735] free_count 3897 ; rs 7357 ; re 7411
[ 2216.813736] Empty blocks from block #72893 to block #72947
[ 2216.813736] free_count 3913 ; rs 7413 ; re 7429
[ 2216.813737] Empty blocks from block #72949 to block #72965
[ 2216.813737] free_count 4104 ; rs 7446 ; re 7637
[ 2216.813738] Empty blocks from block #72982 to block #73173
[ 2216.813738] free_count 4112 ; rs 7640 ; re 7648
[ 2216.813739] Empty blocks from block #73176 to block #73184
[ 2216.813739] free_count 4114 ; rs 7665 ; re 7667
[ 2216.813739] Empty blocks from block #73201 to block #73203
[ 2216.813740] free_count 4118 ; rs 7668 ; re 7672
[ 2216.813740] Empty blocks from block #73204 to block #73208
[ 2216.813741] free_count 4120 ; rs 7690 ; re 7692
[ 2216.813741] Empty blocks from block #73226 to block #73228
[ 2216.813742] free_count 4125 ; rs 7721 ; re 7726
[ 2216.813742] Empty blocks from block #73257 to block #73262
[ 2216.813743] free_count 4132 ; rs 7752 ; re 7759
[ 2216.813743] Empty blocks from block #73288 to block #73295
[ 2216.813744] free_count 4148 ; rs 7765 ; re 7781
[ 2216.813744] Empty blocks from block #73301 to block #73317
[ 2216.813744] free_count 4150 ; rs 7818 ; re 7820
[ 2216.813745] Empty blocks from block #73354 to block #73356
[ 2216.813745] free_count 4443 ; rs 7822 ; re 8115
[ 2216.813746] Empty blocks from block #73358 to block #73651
[ 2216.813746] free_count 4462 ; rs 8145 ; re 8164
[ 2216.813747] Empty blocks from block #73681 to block #73700
[ 2216.813747] free_count 4475 ; rs 8166 ; re 8179
[ 2216.813748] Empty blocks from block #73702 to block #73715
[ 2216.813748] free_count 4476 ; rs 8181 ; re 8182
[ 2216.813748] Empty blocks from block #73717 to block #73718
[ 2216.813749] free_count 4478 ; rs 8184 ; re 8186
[ 2216.813749] Empty blocks from block #73720 to block #73722
[ 2216.813750] free_count 4479 ; rs 8188 ; re 8189
[ 2216.813750] Empty blocks from block #73724 to block #73725
[ 2216.813751] free_count 6553 ; rs 8192 ; re 10266
[ 2216.813751] Empty blocks from block #73728 to block #75802
[ 2216.813752] free_count 6563 ; rs 10272 ; re 10282
[ 2216.813752] Empty blocks from block #75808 to block #75818
[ 2216.813753] free_count 7238 ; rs 10287 ; re 10962
[ 2216.813753] Empty blocks from block #75823 to block #76498
[ 2216.813754] free_count 7239 ; rs 10982 ; re 10983
[ 2216.813754] Empty blocks from block #76518 to block #76519
[ 2216.813754] free_count 7245 ; rs 10987 ; re 10993
[ 2216.813755] Empty blocks from block #76523 to block #76529
[ 2216.813755] free_count 7248 ; rs 10995 ; re 10998
[ 2216.813756] Empty blocks from block #76531 to block #76534
[ 2216.813756] free_count 7249 ; rs 11001 ; re 11002
[ 2216.813757] Empty blocks from block #76537 to block #76538
[ 2216.813757] free_count 7254 ; rs 11004 ; re 11009
[ 2216.813758] Empty blocks from block #76540 to block #76545
[ 2216.813758] free_count 7259 ; rs 11010 ; re 11015
[ 2216.813758] Empty blocks from block #76546 to block #76551
[ 2216.813759] free_count 7260 ; rs 11026 ; re 11027
[ 2216.813759] Empty blocks from block #76562 to block #76563
[ 2216.813760] free_count 7264 ; rs 11043 ; re 11047
[ 2216.813760] Empty blocks from block #76579 to block #76583
[ 2216.813761] free_count 7266 ; rs 11053 ; re 11055
[ 2216.813761] Empty blocks from block #76589 to block #76591
[ 2216.813762] free_count 7267 ; rs 11056 ; re 11057
[ 2216.813762] Empty blocks from block #76592 to block #76593
[ 2216.813762] free_count 7268 ; rs 11058 ; re 11059
[ 2216.813763] Empty blocks from block #76594 to block #76595
[ 2216.813763] free_count 7270 ; rs 11060 ; re 11062
[ 2216.813764] Empty blocks from block #76596 to block #76598
[ 2216.813764] free_count 7271 ; rs 11063 ; re 11064
[ 2216.813765] Empty blocks from block #76599 to block #76600
[ 2216.813765] free_count 7276 ; rs 11065 ; re 11070
[ 2216.813766] Empty blocks from block #76601 to block #76606
[ 2216.813766] free_count 7278 ; rs 11071 ; re 11073
[ 2216.813766] Empty blocks from block #76607 to block #76609
[ 2216.813767] free_count 7279 ; rs 11082 ; re 11083
[ 2216.813767] Empty blocks from block #76618 to block #76619
[ 2216.813768] free_count 7283 ; rs 11086 ; re 11090
[ 2216.813768] Empty blocks from block #76622 to block #76626
[ 2216.813769] free_count 7285 ; rs 11091 ; re 11093
[ 2216.813769] Empty blocks from block #76627 to block #76629
[ 2216.813770] free_count 7290 ; rs 11098 ; re 11103
[ 2216.813770] Empty blocks from block #76634 to block #76639
[ 2216.813770] free_count 7292 ; rs 11106 ; re 11108
[ 2216.813771] Empty blocks from block #76642 to block #76644
[ 2216.813771] free_count 7293 ; rs 11112 ; re 11113
[ 2216.813772] Empty blocks from block #76648 to block #76649
[ 2216.813772] free_count 7297 ; rs 11128 ; re 11132
[ 2216.813773] Empty blocks from block #76664 to block #76668
[ 2216.813773] free_count 7299 ; rs 11133 ; re 11135
[ 2216.813774] Empty blocks from block #76669 to block #76671
[ 2216.813774] free_count 7300 ; rs 11137 ; re 11138
[ 2216.813774] Empty blocks from block #76673 to block #76674
[ 2216.813775] free_count 7301 ; rs 11140 ; re 11141
[ 2216.813775] Empty blocks from block #76676 to block #76677
[ 2216.813776] free_count 7303 ; rs 11142 ; re 11144
[ 2216.813776] Empty blocks from block #76678 to block #76680
[ 2216.813777] free_count 7304 ; rs 11145 ; re 11146
[ 2216.813777] Empty blocks from block #76681 to block #76682
[ 2216.813778] free_count 7305 ; rs 11148 ; re 11149
[ 2216.813778] Empty blocks from block #76684 to block #76685
[ 2216.813778] free_count 7307 ; rs 11150 ; re 11152
[ 2216.813779] Empty blocks from block #76686 to block #76688
[ 2216.813779] free_count 7308 ; rs 11153 ; re 11154
[ 2216.813780] Empty blocks from block #76689 to block #76690
[ 2216.813780] free_count 7309 ; rs 11156 ; re 11157
[ 2216.813781] Empty blocks from block #76692 to block #76693
[ 2216.813781] free_count 7311 ; rs 11158 ; re 11160
[ 2216.813782] Empty blocks from block #76694 to block #76696
[ 2216.813782] free_count 7312 ; rs 11161 ; re 11162
[ 2216.813782] Empty blocks from block #76697 to block #76698
[ 2216.813783] free_count 7315 ; rs 11163 ; re 11166
[ 2216.813783] Empty blocks from block #76699 to block #76702
[ 2216.813784] free_count 7316 ; rs 11169 ; re 11170
[ 2216.813784] Empty blocks from block #76705 to block #76706
[ 2216.813785] free_count 7317 ; rs 11173 ; re 11174
[ 2216.813785] Empty blocks from block #76709 to block #76710
[ 2216.813786] free_count 7319 ; rs 11176 ; re 11178
[ 2216.813786] Empty blocks from block #76712 to block #76714
[ 2216.813786] free_count 7320 ; rs 11179 ; re 11180
[ 2216.813787] Empty blocks from block #76715 to block #76716
[ 2216.813787] free_count 7323 ; rs 11181 ; re 11184
[ 2216.813788] Empty blocks from block #76717 to block #76720
[ 2216.813788] free_count 7328 ; rs 11185 ; re 11190
[ 2216.813789] Empty blocks from block #76721 to block #76726
[ 2216.813789] free_count 7330 ; rs 11191 ; re 11193
[ 2216.813790] Empty blocks from block #76727 to block #76729
[ 2216.813790] free_count 7335 ; rs 11194 ; re 11199
[ 2216.813790] Empty blocks from block #76730 to block #76735
[ 2216.813791] free_count 7341 ; rs 11200 ; re 11206
[ 2216.813791] Empty blocks from block #76736 to block #76742
[ 2216.813792] free_count 7345 ; rs 11207 ; re 11211
[ 2216.813792] Empty blocks from block #76743 to block #76747
[ 2216.813793] free_count 7350 ; rs 11212 ; re 11217
[ 2216.813793] Empty blocks from block #76748 to block #76753
[ 2216.813794] free_count 7352 ; rs 11218 ; re 11220
[ 2216.813794] Empty blocks from block #76754 to block #76756
[ 2216.813794] free_count 7353 ; rs 11223 ; re 11224
[ 2216.813795] Empty blocks from block #76759 to block #76760
[ 2216.813795] free_count 7354 ; rs 11229 ; re 11230
[ 2216.813796] Empty blocks from block #76765 to block #76766
[ 2216.813796] free_count 7356 ; rs 11232 ; re 11234
[ 2216.813797] Empty blocks from block #76768 to block #76770
[ 2216.813797] free_count 7357 ; rs 11236 ; re 11237
[ 2216.813798] Empty blocks from block #76772 to block #76773
[ 2216.813798] free_count 7358 ; rs 11240 ; re 11241
[ 2216.813798] Empty blocks from block #76776 to block #76777
[ 2216.813799] free_count 7368 ; rs 11242 ; re 11252
[ 2216.813799] Empty blocks from block #76778 to block #76788
[ 2216.813800] free_count 7370 ; rs 11253 ; re 11255
[ 2216.813800] Empty blocks from block #76789 to block #76791
[ 2216.813801] free_count 7804 ; rs 11256 ; re 11690
[ 2216.813801] Empty blocks from block #76792 to block #77226
[ 2216.813802] free_count 7807 ; rs 11707 ; re 11710
[ 2216.813802] Empty blocks from block #77243 to block #77246
[ 2216.813803] free_count 7810 ; rs 11834 ; re 11837
[ 2216.813803] Empty blocks from block #77370 to block #77373
[ 2216.813803] free_count 7812 ; rs 11840 ; re 11842
[ 2216.813804] Empty blocks from block #77376 to block #77378
[ 2216.813804] free_count 7822 ; rs 11861 ; re 11871
[ 2216.813805] Empty blocks from block #77397 to block #77407
[ 2216.813805] free_count 7835 ; rs 11895 ; re 11908
[ 2216.813806] Empty blocks from block #77431 to block #77444
[ 2216.813806] free_count 7860 ; rs 11922 ; re 11947
[ 2216.813806] Empty blocks from block #77458 to block #77483
[ 2216.813807] free_count 7873 ; rs 11954 ; re 11967
[ 2216.813807] Empty blocks from block #77490 to block #77503
[ 2216.813808] free_count 8015 ; rs 11985 ; re 12127
[ 2216.813808] Empty blocks from block #77521 to block #77663
[ 2216.813809] free_count 8017 ; rs 12141 ; re 12143
[ 2216.813809] Empty blocks from block #77677 to block #77679
[ 2216.813810] free_count 8023 ; rs 12149 ; re 12155
[ 2216.813810] Empty blocks from block #77685 to block #77691
[ 2216.813811] free_count 8029 ; rs 12161 ; re 12167
[ 2216.813811] Empty blocks from block #77697 to block #77703
[ 2216.813811] free_count 8039 ; rs 12176 ; re 12186
[ 2216.813812] Empty blocks from block #77712 to block #77722
[ 2216.813812] free_count 8081 ; rs 12191 ; re 12233
[ 2216.813813] Empty blocks from block #77727 to block #77769
[ 2216.813813] free_count 8084 ; rs 12288 ; re 12291
[ 2216.813814] Empty blocks from block #77824 to block #77827
[ 2216.813814] free_count 8092 ; rs 12292 ; re 12300
[ 2216.813815] Empty blocks from block #77828 to block #77836
[ 2216.813815] free_count 8096 ; rs 12303 ; re 12307
[ 2216.813815] Empty blocks from block #77839 to block #77843
[ 2216.813850] free_count 8132 ; rs 12324 ; re 12360
[ 2216.813850] Empty blocks from block #77860 to block #77896
[ 2216.813851] free_count 8134 ; rs 12366 ; re 12368
[ 2216.813851] Empty blocks from block #77902 to block #77904
[ 2216.813852] free_count 8136 ; rs 12374 ; re 12376
[ 2216.813852] Empty blocks from block #77910 to block #77912
[ 2216.813852] free_count 8138 ; rs 12378 ; re 12380
[ 2216.813853] Empty blocks from block #77914 to block #77916
[ 2216.813853] free_count 8140 ; rs 12381 ; re 12383
[ 2216.813854] Empty blocks from block #77917 to block #77919
[ 2216.813854] free_count 8142 ; rs 12387 ; re 12389
[ 2216.813855] Empty blocks from block #77923 to block #77925
[ 2216.813855] free_count 8143 ; rs 12390 ; re 12391
[ 2216.813856] Empty blocks from block #77926 to block #77927
[ 2216.813856] free_count 8144 ; rs 12393 ; re 12394
[ 2216.813856] Empty blocks from block #77929 to block #77930
[ 2216.813857] free_count 8145 ; rs 12395 ; re 12396
[ 2216.813857] Empty blocks from block #77931 to block #77932
[ 2216.813858] free_count 8146 ; rs 12397 ; re 12398
[ 2216.813858] Empty blocks from block #77933 to block #77934
[ 2216.813859] free_count 8155 ; rs 12400 ; re 12409
[ 2216.813859] Empty blocks from block #77936 to block #77945
[ 2216.813860] free_count 8158 ; rs 12411 ; re 12414
[ 2216.813860] Empty blocks from block #77947 to block #77950
[ 2216.813860] free_count 8159 ; rs 12416 ; re 12417
[ 2216.813861] Empty blocks from block #77952 to block #77953
[ 2216.813861] free_count 8177 ; rs 12418 ; re 12436
[ 2216.813862] Empty blocks from block #77954 to block #77972
[ 2216.813862] free_count 8184 ; rs 12437 ; re 12444
[ 2216.813863] Empty blocks from block #77973 to block #77980
[ 2216.813863] free_count 8194 ; rs 12447 ; re 12457
[ 2216.813864] Empty blocks from block #77983 to block #77993
[ 2216.813864] free_count 8195 ; rs 12467 ; re 12468
[ 2216.813865] Empty blocks from block #78003 to block #78004
[ 2216.813865] free_count 8196 ; rs 12474 ; re 12475
[ 2216.813865] Empty blocks from block #78010 to block #78011
[ 2216.813866] free_count 8199 ; rs 12714 ; re 12717
[ 2216.813866] Empty blocks from block #78250 to block #78253
[ 2216.813867] free_count 8209 ; rs 12726 ; re 12736
[ 2216.813867] Empty blocks from block #78262 to block #78272
[ 2216.813868] free_count 8223 ; rs 12738 ; re 12752
[ 2216.813868] Empty blocks from block #78274 to block #78288
[ 2216.813869] free_count 8244 ; rs 12776 ; re 12797
[ 2216.813869] Empty blocks from block #78312 to block #78333
[ 2216.813869] free_count 8251 ; rs 12812 ; re 12819
[ 2216.813870] Empty blocks from block #78348 to block #78355
[ 2216.813870] free_count 8261 ; rs 12846 ; re 12856
[ 2216.813871] Empty blocks from block #78382 to block #78392
[ 2216.813871] free_count 8310 ; rs 12864 ; re 12913
[ 2216.813872] Empty blocks from block #78400 to block #78449
[ 2216.813872] free_count 8341 ; rs 12933 ; re 12964
[ 2216.813873] Empty blocks from block #78469 to block #78500
[ 2216.813873] free_count 8346 ; rs 12966 ; re 12971
[ 2216.813873] Empty blocks from block #78502 to block #78507
[ 2216.813874] free_count 8348 ; rs 12972 ; re 12974
[ 2216.813874] Empty blocks from block #78508 to block #78510
[ 2216.813875] free_count 8349 ; rs 12989 ; re 12990
[ 2216.813875] Empty blocks from block #78525 to block #78526
[ 2216.813876] free_count 8352 ; rs 12991 ; re 12994
[ 2216.813876] Empty blocks from block #78527 to block #78530
[ 2216.813877] free_count 8353 ; rs 12995 ; re 12996
[ 2216.813877] Empty blocks from block #78531 to block #78532
[ 2216.813877] free_count 8355 ; rs 13005 ; re 13007
[ 2216.813878] Empty blocks from block #78541 to block #78543
[ 2216.813878] free_count 8360 ; rs 13008 ; re 13013
[ 2216.813879] Empty blocks from block #78544 to block #78549
[ 2216.813879] free_count 8362 ; rs 13014 ; re 13016
[ 2216.813880] Empty blocks from block #78550 to block #78552
[ 2216.813880] free_count 8363 ; rs 13017 ; re 13018
[ 2216.813880] Empty blocks from block #78553 to block #78554
[ 2216.813881] free_count 8369 ; rs 13019 ; re 13025
[ 2216.813881] Empty blocks from block #78555 to block #78561
[ 2216.813882] free_count 8374 ; rs 13026 ; re 13031
[ 2216.813882] Empty blocks from block #78562 to block #78567
[ 2216.813883] free_count 8403 ; rs 13032 ; re 13061
[ 2216.813883] Empty blocks from block #78568 to block #78597
[ 2216.813884] free_count 8445 ; rs 13069 ; re 13111
[ 2216.813884] Empty blocks from block #78605 to block #78647
[ 2216.813885] free_count 8644 ; rs 13113 ; re 13312
[ 2216.813885] Empty blocks from block #78649 to block #78848
[ 2216.813885] free_count 9133 ; rs 13420 ; re 13909
[ 2216.813886] Empty blocks from block #78956 to block #79445
[ 2216.813886] free_count 9259 ; rs 13910 ; re 14036
[ 2216.813887] Empty blocks from block #79446 to block #79572
[ 2216.813887] free_count 9403 ; rs 14037 ; re 14181
[ 2216.813888] Empty blocks from block #79573 to block #79717
[ 2216.813888] free_count 9419 ; rs 14182 ; re 14198
[ 2216.813889] Empty blocks from block #79718 to block #79734
[ 2216.813889] free_count 9483 ; rs 14210 ; re 14274
[ 2216.813889] Empty blocks from block #79746 to block #79810
[ 2216.813890] free_count 9486 ; rs 14287 ; re 14290
[ 2216.813890] Empty blocks from block #79823 to block #79826
[ 2216.813891] free_count 9506 ; rs 14291 ; re 14311
[ 2216.813891] Empty blocks from block #79827 to block #79847
[ 2216.813892] free_count 9528 ; rs 14314 ; re 14336
[ 2216.813892] Empty blocks from block #79850 to block #79872
[ 2216.813893] free_count 9533 ; rs 28405 ; re 28410
[ 2216.813893] Empty blocks from block #93941 to block #93946
[ 2216.813894] free_count 9534 ; rs 28412 ; re 28413
[ 2216.813894] Empty blocks from block #93948 to block #93949
[ 2216.813895] free_count 9535 ; rs 28415 ; re 28416
[ 2216.813895] Empty blocks from block #93951 to block #93952
[ 2216.813896] free_count 9536 ; rs 28567 ; re 28568
[ 2216.813896] Empty blocks from block #94103 to block #94104
[ 2216.813897] free_count 9606 ; rs 28602 ; re 28672
[ 2216.813897] Empty blocks from block #94138 to block #94208
[ 2216.813898] calypso: [calypso_iterate_partition_blocks_groups] GROUP # 2: stored = 9606, counted = 9606
[ 2216.813899] calypso: [calypso_iterate_partition_blocks_groups] ------ END GROUP # 2 ------
[ 2216.813899] calypso: [calypso_iterate_partition_blocks_groups] ------ START GROUP # 3 ------
[ 2216.813902] bitmap_for_each_clear_region
[ 2216.813902] nbits 32768
[ 2216.813903] free_count 15 ; rs 817 ; re 832
[ 2216.813903] Empty blocks from block #99121 to block #99136
[ 2216.813904] free_count 37 ; rs 874 ; re 896
[ 2216.813904] Empty blocks from block #99178 to block #99200
[ 2216.813905] free_count 41 ; rs 988 ; re 992
[ 2216.813905] Empty blocks from block #99292 to block #99296
[ 2216.813905] free_count 45 ; rs 1020 ; re 1024
[ 2216.813906] Empty blocks from block #99324 to block #99328
[ 2216.813906] free_count 76 ; rs 1313 ; re 1344
[ 2216.813907] Empty blocks from block #99617 to block #99648
[ 2216.813907] free_count 174 ; rs 1406 ; re 1504
[ 2216.813908] Empty blocks from block #99710 to block #99808
[ 2216.813908] free_count 181 ; rs 1529 ; re 1536
[ 2216.813909] Empty blocks from block #99833 to block #99840
[ 2216.813909] free_count 202 ; rs 1995 ; re 2016
[ 2216.813910] Empty blocks from block #100299 to block #100320
[ 2216.813910] free_count 211 ; rs 2039 ; re 2048
[ 2216.813911] Empty blocks from block #100343 to block #100352
[ 2216.813911] free_count 218 ; rs 12665 ; re 12672
[ 2216.813912] Empty blocks from block #110969 to block #110976
[ 2216.813912] free_count 281 ; rs 12737 ; re 12800
[ 2216.813913] Empty blocks from block #111041 to block #111104
[ 2216.813913] free_count 396 ; rs 13197 ; re 13312
[ 2216.813914] Empty blocks from block #111501 to block #111616
[ 2216.813914] free_count 1069 ; rs 13663 ; re 14336
[ 2216.813915] Empty blocks from block #111967 to block #112640
[ 2216.813916] calypso: [calypso_iterate_partition_blocks_groups] GROUP # 3: stored = 1069, counted = 1069
[ 2216.813916] calypso: [calypso_iterate_partition_blocks_groups] ------ END GROUP # 3 ------
[ 2216.813917] calypso: [calypso_iterate_partition_blocks_groups] ------ START GROUP # 4 ------
[ 2216.813919] bitmap_for_each_clear_region
[ 2216.813919] nbits 32768
[ 2216.813920] free_count 9 ; rs 26135 ; re 26144
[ 2216.813920] Empty blocks from block #157207 to block #157216
[ 2216.813921] free_count 16 ; rs 26169 ; re 26176
[ 2216.813921] Empty blocks from block #157241 to block #157248
[ 2216.813922] free_count 246 ; rs 26394 ; re 26624
[ 2216.813922] Empty blocks from block #157466 to block #157696
[ 2216.813923] calypso: [calypso_iterate_partition_blocks_groups] GROUP # 4: stored = 246, counted = 246
[ 2216.813924] calypso: [calypso_iterate_partition_blocks_groups] ------ END GROUP # 4 ------
[ 2216.813924] calypso: [calypso_iterate_partition_blocks_groups] ------ START GROUP # 5 ------
[ 2216.813926] bitmap_for_each_clear_region
[ 2216.813926] nbits 32768
[ 2216.813927] free_count 125 ; rs 1923 ; re 2048
[ 2216.813927] Empty blocks from block #165763 to block #165888
[ 2216.813928] free_count 158 ; rs 14303 ; re 14336
[ 2216.813928] Empty blocks from block #178143 to block #178176
[ 2216.813930] calypso: [calypso_iterate_partition_blocks_groups] GROUP # 5: stored = 158, counted = 158
[ 2216.813930] calypso: [calypso_iterate_partition_blocks_groups] ------ END GROUP # 5 ------
[ 2216.813931] calypso: [calypso_iterate_partition_blocks_groups] ------ START GROUP # 6 ------
[ 2216.813932] bitmap_for_each_clear_region
[ 2216.813932] nbits 32768
[ 2216.813933] free_count 60 ; rs 8196 ; re 8256
[ 2216.813934] Empty blocks from block #204804 to block #204864
[ 2216.813934] free_count 161 ; rs 8571 ; re 8672
[ 2216.813934] Empty blocks from block #205179 to block #205280
[ 2216.813935] free_count 195 ; rs 10206 ; re 10240
[ 2216.813935] Empty blocks from block #206814 to block #206848
[ 2216.813936] free_count 226 ; rs 10471 ; re 10502
[ 2216.813936] Empty blocks from block #207079 to block #207110
[ 2216.813937] free_count 1909 ; rs 10605 ; re 12288
[ 2216.813937] Empty blocks from block #207213 to block #208896
[ 2216.813938] free_count 1988 ; rs 12657 ; re 12736
[ 2216.813938] Empty blocks from block #209265 to block #209344
[ 2216.813939] free_count 2003 ; rs 12785 ; re 12800
[ 2216.813939] Empty blocks from block #209393 to block #209408
[ 2216.813940] free_count 2010 ; rs 13689 ; re 13696
[ 2216.813940] Empty blocks from block #210297 to block #210304
[ 2216.813941] free_count 2563 ; rs 13783 ; re 14336
[ 2216.813941] Empty blocks from block #210391 to block #210944
[ 2216.813942] free_count 2708 ; rs 16239 ; re 16384
[ 2216.813942] Empty blocks from block #212847 to block #212992
[ 2216.813943] calypso: [calypso_iterate_partition_blocks_groups] GROUP # 6: stored = 2708, counted = 2708
[ 2216.813944] calypso: [calypso_iterate_partition_blocks_groups] ------ END GROUP # 6 ------
[ 2216.813944] calypso: [calypso_iterate_partition_blocks_groups] ------ START GROUP # 7 ------
[ 2216.813948] bitmap_for_each_clear_region
[ 2216.813948] nbits 32768
[ 2216.813949] free_count 17 ; rs 1135 ; re 1152
[ 2216.813949] Empty blocks from block #230511 to block #230528
[ 2216.813950] free_count 36 ; rs 1178 ; re 1197
[ 2216.813950] Empty blocks from block #230554 to block #230573
[ 2216.813951] free_count 118 ; rs 1198 ; re 1280
[ 2216.813951] Empty blocks from block #230574 to block #230656
[ 2216.813952] free_count 148 ; rs 1410 ; re 1440
[ 2216.813952] Empty blocks from block #230786 to block #230816
[ 2216.813953] free_count 331 ; rs 1865 ; re 2048
[ 2216.813953] Empty blocks from block #231241 to block #231424
[ 2216.813954] free_count 432 ; rs 4267 ; re 4368
[ 2216.813954] Empty blocks from block #233643 to block #233744
[ 2216.813955] free_count 1353 ; rs 5223 ; re 6144
[ 2216.813955] Empty blocks from block #234599 to block #235520
[ 2216.813956] free_count 18099 ; rs 16022 ; re 32768
[ 2216.813956] Empty blocks from block #245398 to block #262144
[ 2216.813957] calypso: [calypso_iterate_partition_blocks_groups] GROUP # 7: stored = 18099, counted = 18099
[ 2216.813958] calypso: [calypso_iterate_partition_blocks_groups] ------ END GROUP # 7 ------
[ 2216.813958] calypso: [calypso_iterate_partition_blocks_groups] ------ START GROUP # 8 ------
[ 2216.813960] bitmap_for_each_clear_region
[ 2216.813960] nbits 32768
[ 2216.813961] free_count 1113 ; rs 0 ; re 1113
[ 2216.813961] Empty blocks from block #262144 to block #263257
[ 2216.813962] free_count 12115 ; rs 3334 ; re 14336
[ 2216.813962] Empty blocks from block #265478 to block #276480
[ 2216.813963] free_count 28632 ; rs 16251 ; re 32768
[ 2216.813964] Empty blocks from block #278395 to block #294912
[ 2216.813965] calypso: [calypso_iterate_partition_blocks_groups] GROUP # 8: stored = 28632, counted = 28632
[ 2216.813965] calypso: [calypso_iterate_partition_blocks_groups] ------ END GROUP # 8 ------
[ 2216.813966] calypso: [calypso_iterate_partition_blocks_groups] ------ START GROUP # 9 ------
[ 2216.813968] bitmap_for_each_clear_region
[ 2216.813968] nbits 32768
[ 2216.813969] free_count 31951 ; rs 817 ; re 32768
[ 2216.813970] Empty blocks from block #295729 to block #327680
[ 2216.813970] calypso: [calypso_iterate_partition_blocks_groups] GROUP # 9: stored = 31951, counted = 31951
[ 2216.813971] calypso: [calypso_iterate_partition_blocks_groups] ------ END GROUP # 9 ------
[ 2216.813971] calypso: [calypso_iterate_partition_blocks_groups] ------ START GROUP # 10 ------
[ 2216.813973] bitmap_for_each_clear_region
[ 2216.813973] nbits 32768
[ 2216.813974] free_count 2 ; rs 1630 ; re 1632
[ 2216.813974] Empty blocks from block #329310 to block #329312
[ 2216.813975] free_count 13 ; rs 1653 ; re 1664
[ 2216.813975] Empty blocks from block #329333 to block #329344
[ 2216.813976] free_count 22 ; rs 1751 ; re 1760
[ 2216.813976] Empty blocks from block #329431 to block #329440
[ 2216.813977] free_count 169 ; rs 1781 ; re 1928
[ 2216.813977] Empty blocks from block #329461 to block #329608
[ 2216.813978] free_count 170 ; rs 1951 ; re 1952
[ 2216.813978] Empty blocks from block #329631 to block #329632
[ 2216.813979] free_count 183 ; rs 1971 ; re 1984
[ 2216.813979] Empty blocks from block #329651 to block #329664
[ 2216.813980] free_count 211 ; rs 2020 ; re 2048
[ 2216.813980] Empty blocks from block #329700 to block #329728
[ 2216.813981] free_count 434 ; rs 6177 ; re 6400
[ 2216.813981] Empty blocks from block #333857 to block #334080
[ 2216.813982] free_count 464 ; rs 6466 ; re 6496
[ 2216.813982] Empty blocks from block #334146 to block #334176
[ 2216.813983] free_count 477 ; rs 6515 ; re 6528
[ 2216.813983] Empty blocks from block #334195 to block #334208
[ 2216.813983] free_count 483 ; rs 6554 ; re 6560
[ 2216.813984] Empty blocks from block #334234 to block #334240
[ 2216.813984] free_count 484 ; rs 6591 ; re 6592
[ 2216.813985] Empty blocks from block #334271 to block #334272
[ 2216.813985] free_count 515 ; rs 6625 ; re 6656
[ 2216.813986] Empty blocks from block #334305 to block #334336
[ 2216.813986] free_count 614 ; rs 6813 ; re 6912
[ 2216.813987] Empty blocks from block #334493 to block #334592
[ 2216.813987] free_count 639 ; rs 7015 ; re 7040
[ 2216.813988] Empty blocks from block #334695 to block #334720
[ 2216.813988] free_count 657 ; rs 7086 ; re 7104
[ 2216.813988] Empty blocks from block #334766 to block #334784
[ 2216.813989] free_count 676 ; rs 7123 ; re 7142
[ 2216.813989] Empty blocks from block #334803 to block #334822
[ 2216.813990] free_count 7541 ; rs 7151 ; re 14016
[ 2216.813991] Empty blocks from block #334831 to block #341696
[ 2216.813991] free_count 13966 ; rs 14055 ; re 20480
[ 2216.813992] Empty blocks from block #341735 to block #348160
[ 2216.813992] free_count 15737 ; rs 20757 ; re 22528
[ 2216.813993] Empty blocks from block #348437 to block #350208
[ 2216.813993] free_count 16169 ; rs 32336 ; re 32768
[ 2216.813994] Empty blocks from block #360016 to block #360448
[ 2216.813995] calypso: [calypso_iterate_partition_blocks_groups] GROUP # 10: stored = 16169, counted = 16169
[ 2216.813995] calypso: [calypso_iterate_partition_blocks_groups] ------ END GROUP # 10 ------
[ 2216.813996] calypso: [calypso_iterate_partition_blocks_groups] ------ START GROUP # 11 ------
[ 2216.813997] bitmap_for_each_clear_region
[ 2216.813998] nbits 32768
[ 2216.813998] free_count 2144 ; rs 0 ; re 2144
[ 2216.813999] Empty blocks from block #360448 to block #362592
[ 2216.813999] free_count 2151 ; rs 2169 ; re 2176
[ 2216.814000] Empty blocks from block #362617 to block #362624
[ 2216.814000] free_count 2163 ; rs 2292 ; re 2304
[ 2216.814001] Empty blocks from block #362740 to block #362752
[ 2216.814001] free_count 2186 ; rs 2441 ; re 2464
[ 2216.814002] Empty blocks from block #362889 to block #362912
[ 2216.814002] free_count 2198 ; rs 2484 ; re 2496
[ 2216.814002] Empty blocks from block #362932 to block #362944
[ 2216.814003] free_count 2227 ; rs 2531 ; re 2560
[ 2216.814003] Empty blocks from block #362979 to block #363008
[ 2216.814004] free_count 2302 ; rs 2869 ; re 2944
[ 2216.814004] Empty blocks from block #363317 to block #363392
[ 2216.814005] free_count 2693 ; rs 3065 ; re 3456
[ 2216.814005] Empty blocks from block #363513 to block #363904
[ 2216.814006] free_count 3235 ; rs 3554 ; re 4096
[ 2216.814006] Empty blocks from block #364002 to block #364544
[ 2216.814007] free_count 3274 ; rs 6873 ; re 6912
[ 2216.814007] Empty blocks from block #367321 to block #367360
[ 2216.814008] free_count 3310 ; rs 7132 ; re 7168
[ 2216.814008] Empty blocks from block #367580 to block #367616
[ 2216.814009] free_count 3438 ; rs 7552 ; re 7680
[ 2216.814009] Empty blocks from block #368000 to block #368128
[ 2216.814010] free_count 3634 ; rs 7996 ; re 8192
[ 2216.814010] Empty blocks from block #368444 to block #368640
[ 2216.814011] free_count 27995 ; rs 8407 ; re 32768
[ 2216.814012] Empty blocks from block #368855 to block #393216
[ 2216.814013] calypso: [calypso_iterate_partition_blocks_groups] GROUP # 11: stored = 27995, counted = 27995
[ 2216.814013] calypso: [calypso_iterate_partition_blocks_groups] ------ END GROUP # 11 ------
[ 2216.814014] calypso: [calypso_iterate_partition_blocks_groups] ------ START GROUP # 12 ------
[ 2216.814015] bitmap_for_each_clear_region
[ 2216.814015] nbits 32768
[ 2216.814016] free_count 2 ; rs 2 ; re 4
[ 2216.814016] Empty blocks from block #393218 to block #393220
[ 2216.814017] free_count 3 ; rs 9 ; re 10
[ 2216.814017] Empty blocks from block #393225 to block #393226
[ 2216.814018] free_count 4 ; rs 12 ; re 13
[ 2216.814018] Empty blocks from block #393228 to block #393229
[ 2216.814019] free_count 5 ; rs 19 ; re 20
[ 2216.814019] Empty blocks from block #393235 to block #393236
[ 2216.814020] free_count 9 ; rs 60 ; re 64
[ 2216.814020] Empty blocks from block #393276 to block #393280
[ 2216.814021] free_count 13 ; rs 148 ; re 152
[ 2216.814021] Empty blocks from block #393364 to block #393368
[ 2216.814022] free_count 14 ; rs 155 ; re 156
[ 2216.814022] Empty blocks from block #393371 to block #393372
[ 2216.814023] free_count 43 ; rs 157 ; re 186
[ 2216.814023] Empty blocks from block #393373 to block #393402
[ 2216.814024] free_count 44 ; rs 189 ; re 190
[ 2216.814024] Empty blocks from block #393405 to block #393406
[ 2216.814025] free_count 46 ; rs 192 ; re 194
[ 2216.814025] Empty blocks from block #393408 to block #393410
[ 2216.814026] free_count 64 ; rs 232 ; re 250
[ 2216.814026] Empty blocks from block #393448 to block #393466
