Filesystem volume name:   <none>
Last mounted on:          /media/calypso
Filesystem UUID:          3ccad46c-b546-4d87-9a4d-fe6bde8de35d
Filesystem magic number:  0xEF53
Filesystem revision #:    1 (dynamic)
Filesystem features:      has_journal ext_attr resize_inode dir_index filetype needs_recovery extent 64bit flex_bg sparse_super large_file huge_file dir_nlink extra_isize metadata_csum
Filesystem flags:         signed_directory_hash 
Default mount options:    user_xattr acl
Filesystem state:         clean
Errors behavior:          Continue
Filesystem OS type:       Linux
Inode count:              238032
Block count:              937500
Reserved block count:     46874
Free blocks:              457895
Free inodes:              226382
First block:              0
Block size:               4096
Fragment size:            4096
Group descriptor size:    64
Reserved GDT blocks:      815
Blocks per group:         32768
Fragments per group:      32768
Inodes per group:         8208
Inode blocks per group:   513
Flex block group size:    16
Filesystem created:       Fri Mar 12 16:28:00 2021
Last mount time:          Thu Mar 25 21:27:07 2021
Last write time:          Thu Mar 25 21:27:07 2021
Mount count:              13
Maximum mount count:      -1
Last checked:             Thu Mar 18 01:15:49 2021
Check interval:           0 (<none>)
Lifetime writes:          3723 MB
Reserved blocks uid:      0 (user root)
Reserved blocks gid:      0 (group root)
First inode:              11
Inode size:	          256
Required extra isize:     32
Desired extra isize:      32
Journal inode:            8
Default directory hash:   half_md4
Directory Hash Seed:      3b67b401-a381-46ec-b43d-2107b6446df2
Journal backup:           inode blocks
Checksum type:            crc32c
Checksum:                 0x46a14d9e
Journal features:         journal_incompat_revoke journal_64bit journal_checksum_v3
Journal size:             64M
Journal length:           16384
Journal sequence:         0x00009919
Journal start:            0
Journal checksum type:    crc32c
Journal checksum:         0xa1f18d69


Group 0: (Blocks 0-32767) csum 0x8bd1 [ITABLE_ZEROED]
  Primary superblock at 0, Group descriptors at 1-1
  Reserved GDT blocks at 2-816
  Block bitmap at 817 (+817), csum 0x2caf5306
  Inode bitmap at 833 (+833), csum 0xe48f7b68
  Inode table at 849-1361 (+849)
  20611 free blocks, 0 free inodes, 269 directories
  Free blocks: 12157-32767
  Free inodes: 
Group 1: (Blocks 32768-65535) csum 0x35b0 [ITABLE_ZEROED]
  Backup superblock at 32768, Group descriptors at 32769-32769
  Reserved GDT blocks at 32770-33584
  Block bitmap at 818 (bg #0 + 818), csum 0xaa2c3145
  Inode bitmap at 834 (bg #0 + 834), csum 0x8fcb9197
  Inode table at 1362-1874 (bg #0 + 1362)
  4217 free blocks, 6718 free inodes, 47 directories, 4670 unused inodes
  Free blocks: 44544-44927, 48896-49023, 50816-50943, 51200-51455, 51584-51711, 55168-55295, 58560-59007, 60638, 60687, 60692-60695, 60707, 60712, 60779, 60784-60791, 60794, 60843, 60848-60888, 60891, 60896-60944, 60953, 60960-60976, 60985, 60992-61007, 61013-61014, 61023, 61026, 61040-61055, 61059, 61064-61071, 61076, 61089, 61092, 61113, 61120, 61136-61199, 61202, 61224-61232, 61244, 61463, 61491, 61498, 61513, 61524, 61787, 61790, 61823-61832, 61864-61879, 61888-61896, 61907, 61912-61927, 61932, 61975, 61982, 62003, 62026, 62043, 62048-62056, 62087, 62127, 62130, 62152-62191, 62303, 62314, 62336, 62408-62431, 62438, 62464-62487, 62499, 62508, 62518, 62528-62551, 62569, 62576-62615, 62618, 62664-62671, 62719-62751, 62762, 62784-62792, 62851, 62856-62863, 62870, 62881, 62888-62903, 62912-62927, 63000-63007, 63016-63031, 63048-63487, 63490, 63493, 63496-63560, 63568-63671, 63678, 63680-64735, 64738, 64745, 64752-64759, 64773, 64776-64783, 64820, 64825, 64832-64920, 64983, 64988, 65016-65023, 65028, 65033, 65047-65055, 65125, 65128-65199, 65202, 65208-65311, 65319, 65333, 65336-65343, 65445, 65460, 65480-65495, 65525, 65530
  Free inodes: 9654-10521, 10523-10527, 10529-10533, 10535, 10537-11369, 11371-11440, 11442-11454, 11456-11641, 11643-11651, 11653-11657, 11660, 11662-11663, 11668, 11670, 11672, 11675-11676, 11678, 11680, 11690-11716, 11718-11721, 11726-11728, 11730, 11732-11733, 11738-11741, 11744-11745, 11747-16416
Group 2: (Blocks 65536-98303) csum 0xb40f [INODE_UNINIT, ITABLE_ZEROED]
  Block bitmap at 819 (bg #0 + 819), csum 0x668a5ef5
  Inode bitmap at 835 (bg #0 + 835), csum 0x00000000
  Inode table at 1875-2387 (bg #0 + 1875)
  9606 free blocks, 8208 free inodes, 0 directories, 8208 unused inodes
  Free blocks: 65558-65559, 65603-65608, 65610, 65635-65649, 65661-65663, 65771-67933, 67935-68082, 68085-68211, 68803-69238, 69279-69319, 69346-69363, 69374-69377, 69389-69393, 69450-69454, 69476-69518, 69543-69547, 69553-69577, 69598-69609, 69621-69639, 69641, 69644-69651, 69877-69884, 69962-69966, 69978-70019, 70027-70090, 71127-71128, 71136-71137, 71406-71440, 71459-71460, 71471-71474, 71478-71489, 71492-71506, 71540-71559, 71577-71580, 71583-71589, 71598-71603, 71611-71628, 71638-71639, 71662-71672, 71689-71698, 71712-71724, 71762-71776, 71805-71870, 71873-71879, 71893-71911, 71949-71963, 72021-72059, 72089-72099, 72102-72106, 72135-72138, 72143-72160, 72176-72184, 72275-72282, 72287, 72291-72297, 72302-72308, 72313-72316, 72362-72363, 72368-72370, 72442-72443, 72502-72505, 72523-72534, 72551-72560, 72567-72568, 72573-72619, 72626-72634, 72649-72665, 72672-72679, 72720-72763, 72781-72786, 72802-72808, 72815-72854, 72856-72875, 72877-72880, 72886-72887, 72893-72946, 72949-72964, 72982-73172, 73176-73183, 73201-73202, 73204-73207, 73226-73227, 73257-73261, 73288-73294, 73301-73316, 73354-73355, 73358-73650, 73681-73699, 73702-73714, 73717, 73720-73721, 73724, 73728-75801, 75808-75817, 75823-76497, 76518, 76523-76528, 76531-76533, 76537, 76540-76544, 76546-76550, 76562, 76579-76582, 76589-76590, 76592, 76594, 76596-76597, 76599, 76601-76605, 76607-76608, 76618, 76622-76625, 76627-76628, 76634-76638, 76642-76643, 76648, 76664-76667, 76669-76670, 76673, 76676, 76678-76679, 76681, 76684, 76686-76687, 76689, 76692, 76694-76695, 76697, 76699-76701, 76705, 76709, 76712-76713, 76715, 76717-76719, 76721-76725, 76727-76728, 76730-76734, 76736-76741, 76743-76746, 76748-76752, 76754-76755, 76759, 76765, 76768-76769, 76772, 76776, 76778-76787, 76789-76790, 76792-77225, 77243-77245, 77370-77372, 77376-77377, 77397-77406, 77431-77443, 77458-77482, 77490-77502, 77521-77662, 77677-77678, 77685-77690, 77697-77702, 77712-77721, 77727-77768, 77824-77826, 77828-77835, 77839-77842, 77860-77895, 77902-77903, 77910-77911, 77914-77915, 77917-77918, 77923-77924, 77926, 77929, 77931, 77933, 77936-77944, 77947-77949, 77952, 77954-77971, 77973-77979, 77983-77992, 78003, 78010, 78250-78252, 78262-78271, 78274-78287, 78312-78332, 78348-78354, 78382-78391, 78400-78448, 78469-78499, 78502-78506, 78508-78509, 78525, 78527-78529, 78531, 78541-78542, 78544-78548, 78550-78551, 78553, 78555-78560, 78562-78566, 78568-78596, 78605-78646, 78649-78847, 78956-79444, 79446-79571, 79573-79716, 79718-79733, 79746-79809, 79823-79825, 79827-79846, 79850-79871, 93941-93945, 93948, 93951, 94103, 94138-94207
  Free inodes: 16417-24624
Group 3: (Blocks 98304-131071) csum 0x10d3 [INODE_UNINIT, ITABLE_ZEROED]
  Backup superblock at 98304, Group descriptors at 98305-98305
  Reserved GDT blocks at 98306-99120
  Block bitmap at 820 (bg #0 + 820), csum 0xf349c26d
  Inode bitmap at 836 (bg #0 + 836), csum 0x00000000
  Inode table at 2388-2900 (bg #0 + 2388)
  1069 free blocks, 8208 free inodes, 0 directories, 8208 unused inodes
  Free blocks: 99121-99135, 99178-99199, 99292-99295, 99324-99327, 99617-99647, 99710-99807, 99833-99839, 100299-100319, 100343-100351, 110969-110975, 111041-111103, 111501-111615, 111967-112639
  Free inodes: 24625-32832
Group 4: (Blocks 131072-163839) csum 0xbb0a [INODE_UNINIT, ITABLE_ZEROED]
  Block bitmap at 821 (bg #0 + 821), csum 0xbcf5ddc1
  Inode bitmap at 837 (bg #0 + 837), csum 0x00000000
  Inode table at 2901-3413 (bg #0 + 2901)
  246 free blocks, 8208 free inodes, 0 directories, 8208 unused inodes
  Free blocks: 157207-157215, 157241-157247, 157466-157695
  Free inodes: 32833-41040
Group 5: (Blocks 163840-196607) csum 0xc682 [INODE_UNINIT, ITABLE_ZEROED]
  Backup superblock at 163840, Group descriptors at 163841-163841
  Reserved GDT blocks at 163842-164656
  Block bitmap at 822 (bg #0 + 822), csum 0xa71be587
  Inode bitmap at 838 (bg #0 + 838), csum 0x00000000
  Inode table at 3414-3926 (bg #0 + 3414)
  158 free blocks, 8208 free inodes, 0 directories, 8208 unused inodes
  Free blocks: 165763-165887, 178143-178175
  Free inodes: 41041-49248
Group 6: (Blocks 196608-229375) csum 0x933c [INODE_UNINIT, ITABLE_ZEROED]
  Block bitmap at 823 (bg #0 + 823), csum 0x74718da3
  Inode bitmap at 839 (bg #0 + 839), csum 0x00000000
  Inode table at 3927-4439 (bg #0 + 3927)
  2708 free blocks, 8208 free inodes, 0 directories, 8208 unused inodes
  Free blocks: 204804-204863, 205179-205279, 206814-206847, 207079-207109, 207213-208895, 209265-209343, 209393-209407, 210297-210303, 210391-210943, 212847-212991
  Free inodes: 49249-57456
Group 7: (Blocks 229376-262143) csum 0x4016 [INODE_UNINIT, ITABLE_ZEROED]
  Backup superblock at 229376, Group descriptors at 229377-229377
  Reserved GDT blocks at 229378-230192
  Block bitmap at 824 (bg #0 + 824), csum 0x5c73b061
  Inode bitmap at 840 (bg #0 + 840), csum 0x00000000
  Inode table at 4440-4952 (bg #0 + 4440)
  18099 free blocks, 8208 free inodes, 0 directories, 8208 unused inodes
  Free blocks: 230511-230527, 230554-230572, 230574-230655, 230786-230815, 231241-231423, 233643-233743, 234599-235519, 245398-262143
  Free inodes: 57457-65664
Group 8: (Blocks 262144-294911) csum 0x874d [INODE_UNINIT, ITABLE_ZEROED]
  Block bitmap at 825 (bg #0 + 825), csum 0xddc6c09a
  Inode bitmap at 841 (bg #0 + 841), csum 0x00000000
  Inode table at 4953-5465 (bg #0 + 4953)
  28632 free blocks, 8208 free inodes, 0 directories, 8208 unused inodes
  Free blocks: 262144-263256, 265478-276479, 278395-294911
  Free inodes: 65665-73872
Group 9: (Blocks 294912-327679) csum 0xf6f4 [INODE_UNINIT, ITABLE_ZEROED]
  Backup superblock at 294912, Group descriptors at 294913-294913
  Reserved GDT blocks at 294914-295728
  Block bitmap at 826 (bg #0 + 826), csum 0x3d2c3e66
  Inode bitmap at 842 (bg #0 + 842), csum 0x00000000
  Inode table at 5466-5978 (bg #0 + 5466)
  31951 free blocks, 8208 free inodes, 0 directories, 8208 unused inodes
  Free blocks: 295729-327679
  Free inodes: 73873-82080
Group 10: (Blocks 327680-360447) csum 0x0f97 [INODE_UNINIT, ITABLE_ZEROED]
  Block bitmap at 827 (bg #0 + 827), csum 0x333d3d58
  Inode bitmap at 843 (bg #0 + 843), csum 0x00000000
  Inode table at 5979-6491 (bg #0 + 5979)
  16169 free blocks, 8208 free inodes, 0 directories, 8208 unused inodes
  Free blocks: 329310-329311, 329333-329343, 329431-329439, 329461-329607, 329631, 329651-329663, 329700-329727, 333857-334079, 334146-334175, 334195-334207, 334234-334239, 334271, 334305-334335, 334493-334591, 334695-334719, 334766-334783, 334803-334821, 334831-341695, 341735-348159, 348437-350207, 360016-360447
  Free inodes: 82081-90288
Group 11: (Blocks 360448-393215) csum 0x26b0 [INODE_UNINIT, ITABLE_ZEROED]
  Block bitmap at 828 (bg #0 + 828), csum 0x13b4acd8
  Inode bitmap at 844 (bg #0 + 844), csum 0x00000000
  Inode table at 6492-7004 (bg #0 + 6492)
  27995 free blocks, 8208 free inodes, 0 directories, 8208 unused inodes
  Free blocks: 360448-362591, 362617-362623, 362740-362751, 362889-362911, 362932-362943, 362979-363007, 363317-363391, 363513-363903, 364002-364543, 367321-367359, 367580-367615, 368000-368127, 368444-368639, 368855-393215
  Free inodes: 90289-98496
Group 12: (Blocks 393216-425983) csum 0xf719 [INODE_UNINIT, ITABLE_ZEROED]
  Block bitmap at 829 (bg #0 + 829), csum 0x40e69de3
  Inode bitmap at 845 (bg #0 + 845), csum 0x00000000
  Inode table at 7005-7517 (bg #0 + 7005)
  16424 free blocks, 8208 free inodes, 0 directories, 8208 unused inodes
  Free blocks: 393218-393219, 393225, 393228, 393235, 393276-393279, 393364-393367, 393371, 393373-393401, 393405, 393408-393409, 393448-393465, 393468-393471, 393496-393503, 393512-393523, 393526-393585, 393724, 393726, 393793-393816, 396878-396912, 397421-397439, 397464-397503, 397506-397555, 397696-397819, 397821-397887, 397925-398079, 398134-398143, 398164-398207, 398299-398649, 398651-398655, 398691-398719, 398766-399103, 399184-399358, 399360-399599, 399619, 399624-399627, 399629, 399633-399634, 399636-399637, 399639-399640, 399642-399649, 399658-399663, 399694-399702, 399859-399863, 399869-399871, 399906-400383, 401810-401919, 401921-401938, 401941-401970, 401972-402034, 402036-402148, 402150-402431, 403456-405503, 408789-409087, 414116-414719, 414856-415231, 415880-425983
  Free inodes: 98497-106704
Group 13: (Blocks 425984-458751) csum 0x5fd9 [INODE_UNINIT, ITABLE_ZEROED]
  Block bitmap at 830 (bg #0 + 830), csum 0x394ceb9b
  Inode bitmap at 846 (bg #0 + 846), csum 0x00000000
  Inode table at 7518-8030 (bg #0 + 7518)
  13578 free blocks, 8208 free inodes, 0 directories, 8208 unused inodes
  Free blocks: 425984-427679, 427702-427711, 427975-427999, 428029-438271, 438822-438847, 438893-438911, 438994-439007, 439032-439039, 439107-439135, 439159-439167, 439249-439263, 439295, 440225-440255, 440309-440319, 440524-440543, 440570-440575, 440694-440703, 440822-440831, 441147-441151, 441209-441215, 441334-441343, 441393-441407, 441446-441471, 441577-441599, 441775-441791, 441831-441855, 442320-442335, 442355-442367, 442423-442431, 442483-442495, 442564-442591, 442618-442623, 442863-442879, 443179-443199, 443250-443263, 443299-443327, 443383-443391, 443980-443999, 444021-444031, 444158-444159, 444410-444415, 445706-445727, 445796-445823, 445897-445919, 445941-445951, 446087-446111, 446132-446143, 446187-446207, 446360-446367, 446393-446399, 446433-446463, 446651-446655, 446695-446719, 446952-446975, 447249-447263, 447291-447295, 447358-447359, 447427-447455, 447485-447487, 447652-447679, 447701-447711, 447777-447807, 447870-447871, 447968-448511, 450342-450431, 450509-450559
  Free inodes: 106705-114912
Group 14: (Blocks 458752-491519) csum 0x0246 [INODE_UNINIT, ITABLE_ZEROED]
  Block bitmap at 831 (bg #0 + 831), csum 0x774b2067
  Inode bitmap at 847 (bg #0 + 847), csum 0x00000000
  Inode table at 8031-8543 (bg #0 + 8031)
  1232 free blocks, 8208 free inodes, 0 directories, 8208 unused inodes
  Free blocks: 464327-464351, 464372-464383, 464407-464415, 464443-464447, 464503-464511, 464592-464607, 464627-464639, 464807-464831, 464877-464895, 465683-465695, 465716-465727, 465777-465791, 465892-465919, 466451-466463, 466484-466495, 466514-466527, 466547-466559, 466627-466687, 466919-466943, 467363-467391, 467454-467455, 467753-467967, 468345-468991
  Free inodes: 114913-123120
Group 15: (Blocks 491520-524287) csum 0x3279 [INODE_UNINIT, ITABLE_ZEROED]
  Block bitmap at 832 (bg #0 + 832), csum 0x3bc21294
  Inode bitmap at 848 (bg #0 + 848), csum 0x00000000
  Inode table at 8544-9056 (bg #0 + 8544)
  17033 free blocks, 8208 free inodes, 0 directories, 8208 unused inodes
  Free blocks: 494082-494111, 494130-494143, 494196-494207, 494297-494303, 494326-494335, 494583-494591, 495516-495519, 495541-495551, 495600-495615, 502598-502623, 502647-502655, 502739-502751, 502777-502783, 502996-503007, 503037-503295, 507167, 507185-507199, 507234-507263, 507365-507391, 507550-507551, 507579-507583, 507624-508095, 508146-510335, 510436-524287
  Free inodes: 123121-131328
Group 16: (Blocks 524288-557055) csum 0xebfa [ITABLE_ZEROED]
  Block bitmap at 524288 (+0), csum 0xceabb03b
  Inode bitmap at 524304 (+16), csum 0xe510c298
  Inode table at 524320-524832 (+32)
  23876 free blocks, 6256 free inodes, 137 directories, 6244 unused inodes
  Free blocks: 524301-524303, 524317-524319, 530989-532527, 532589-532593, 532608-532615, 532636-532655, 532662-532667, 532672, 532679, 532692-532743, 532747, 532749, 534820-557055
  Free inodes: 131781, 131851, 131922-131924, 131926-131927, 133191-133192, 133245-133246, 133291, 133293-139536
Group 17: (Blocks 557056-589823) csum 0x777c [INODE_UNINIT, ITABLE_ZEROED]
  Block bitmap at 524289 (bg #16 + 1), csum 0x379d3c4e
  Inode bitmap at 524305 (bg #16 + 17), csum 0x00000000
  Inode table at 524833-525345 (bg #16 + 545)
  12746 free blocks, 8208 free inodes, 0 directories, 8208 unused inodes
  Free blocks: 573848, 573873, 573908, 573942, 574328-574339, 574350, 574360-574361, 574364, 574368-574371, 574374-574377, 574384-574387, 574389-574393, 574396, 574400-574402, 574404-574405, 574408, 574412-574415, 574417-574421, 574436, 574441-574444, 574449-574454, 574459, 574463, 574465-574469, 574471-574472, 574475-574480, 574482-574483, 574488, 574501-574504, 574506-574510, 574512-574516, 574518-574522, 574527, 574534-574537, 574540-574552, 574555, 574568-574571, 574573-574592, 574598, 574602-574604, 574606, 574609-574610, 574619, 574625-574628, 574631-574632, 574635, 574638-574641, 574643-574644, 574651, 574654-574657, 574659-574660, 574663, 574666-574669, 574671-574672, 574675, 574679-574682, 574684-574685, 574688, 574690-574693, 574695-574696, 574698, 574701-574704, 574706-574707, 574709-574713, 574715-574716, 574720, 574722-574725, 574728-574729, 574733, 574736-574739, 574741-574742, 574744-574748, 574750-574751, 574753-574757, 574759-574760, 574763-574767, 574769-574770, 574773, 574776-574779, 574781-574782, 574784-574788, 574790-574791, 574794, 574797-574800, 574802-574803, 574805-574809, 574811-574812, 574814-574818, 574820-574821, 574826-574830, 574834-574835, 574838, 574841-574844, 574846-574847, 574849, 574852-574855, 574857-574858, 574861-574865, 574867-574868, 574870-574874, 574876-574877, 574884, 574887-574890, 574892-574893, 574895-574899, 574901-574902, 574910, 574914-574917, 574921-574922, 574925, 574928-574931, 574933-574934, 574942, 574948-574951, 574953-574954, 574957, 574961-574964, 574966-574967, 574971, 574974-574980, 574982-574983, 574986, 574989-574991, 574993, 574995-574996, 574998-575002, 575004-575005, 575007-575011, 575013-575014, 575016-575020, 575028-575029, 575031-575035, 575037-575038, 575041, 575043-575046, 575048-575049, 575053, 575057-575059, 575061, 575063-575064, 575066, 575069-575072, 575074-575075, 575077, 575080-575083, 575085-575086, 575090, 575093-575096, 575098-575099, 575105, 575108-575111, 575113-575114, 575119, 575122-575125, 575127-575128, 575130-575134, 575136-575137, 575140, 575143-575146, 575148-575149, 575154, 575157-575160, 575162-575163, 575165-575169, 575171-575172, 575174-575178, 575180-575181, 575183, 575186-575189, 575191-575192, 575195, 575198-575201, 575203-575204, 575209, 575212-575215, 575218-575219, 575222, 575225-575228, 575230-575231, 575235, 575238-575241, 575243-575246, 575249, 575252-575254, 575256-575257, 575260, 575263-575266, 575268-575269, 575271-575278, 575281, 575286-575289, 575291-575292, 575294, 575296-575299, 575301-575302, 575304-575308, 575310-575311, 575314-575318, 575320-575321, 575326, 575328-575331, 575334-575335, 575340, 575342-575345, 575348-575349, 575352, 575355-575358, 575360-575361, 575365, 575367-575371, 575373-575374, 575377, 575379-575382, 575384-575385, 575388, 575390-575393, 575395-575396, 575398-575402, 575404-575405, 575412, 575418-575421, 575423-575424, 575426-575430, 575432-575433, 575436, 575440-575443, 575445-575446, 575448-575452, 575454-575455, 575457-575461, 575463-575464, 575469, 575476-575479, 575481-575482, 575484-576511, 576545, 576624-576625, 576636-577023, 577076-577087, 578730, 578734-578736, 578932-578933, 579008-579071, 579180-579184, 579186-579190, 579200-579203, 579210-579214, 579236-579239, 579259, 579264-589823
  Free inodes: 139537-147744
Group 18: (Blocks 589824-622591) csum 0xddbf [INODE_UNINIT, BLOCK_UNINIT, ITABLE_ZEROED]
  Block bitmap at 524290 (bg #16 + 2), csum 0x5a720d85
  Inode bitmap at 524306 (bg #16 + 18), csum 0x00000000
  Inode table at 525346-525858 (bg #16 + 1058)
  32768 free blocks, 8208 free inodes, 0 directories, 8208 unused inodes
  Free blocks: 589824-622591
  Free inodes: 147745-155952
Group 19: (Blocks 622592-655359) csum 0x1e6c [INODE_UNINIT, BLOCK_UNINIT, ITABLE_ZEROED]
  Block bitmap at 524291 (bg #16 + 3), csum 0x5a720d85
  Inode bitmap at 524307 (bg #16 + 19), csum 0x00000000
  Inode table at 525859-526371 (bg #16 + 1571)
  32768 free blocks, 8208 free inodes, 0 directories, 8208 unused inodes
  Free blocks: 622592-655359
  Free inodes: 155953-164160
Group 20: (Blocks 655360-688127) csum 0x0af3 [INODE_UNINIT, ITABLE_ZEROED]
  Block bitmap at 524292 (bg #16 + 4), csum 0x76a77714
  Inode bitmap at 524308 (bg #16 + 20), csum 0x00000000
  Inode table at 526372-526884 (bg #16 + 2084)
  32484 free blocks, 8208 free inodes, 0 directories, 8208 unused inodes
  Free blocks: 655629-655648, 655664-688127
  Free inodes: 164161-172368
Group 21: (Blocks 688128-720895) csum 0xdc58 [INODE_UNINIT, ITABLE_ZEROED]
  Block bitmap at 524293 (bg #16 + 5), csum 0x528e345d
  Inode bitmap at 524309 (bg #16 + 21), csum 0x00000000
  Inode table at 526885-527397 (bg #16 + 2597)
  8825 free blocks, 8208 free inodes, 0 directories, 8208 unused inodes
  Free blocks: 688128-688131, 688136-688147, 688152-688155, 688168-688175, 688180-688181, 688183-688186, 688190-688192, 688194-688202, 688204-688228, 688230-688232, 688234-688235, 688237, 688240-688241, 688243-688244, 688247, 688249, 688251-688252, 688255, 688257, 688259-688260, 688265-688266, 688270-688271, 688273-688274, 688319-688368, 688370-688372, 688374-688375, 688391-688392, 688401-688402, 688404-688405, 688407-688408, 688419-688420, 688427-688428, 688432, 688435-688436, 688438-688439, 688442, 688445, 688447-688448, 688466, 688469, 688471-688472, 688476, 688479, 688481-688482, 688484, 688487, 688489-688490, 688494, 688497, 688499-688500, 688503, 688506, 688508-688509, 688513-688514, 688517-688518, 688520-688521, 688523-688524, 688527, 688529, 688531-688532, 688549-688550, 688561-688562, 688564-688565, 688567-688568, 688570, 688572, 688574-688575, 688580, 688582, 688586-688587, 688589-688590, 688592-688593, 688595, 688599, 688601-688602, 688605, 688607, 688609-688610, 688612-688613, 688615-688616, 688618-688619, 688621-688622, 688624-688625, 688627-688639, 688660-688671, 688690-690111, 690139-690143, 690163-691455, 691710-691711, 691726-691739, 691741-691788, 691792-691797, 691799-691803, 691862-691863, 691876-691878, 691881-691884, 691886, 691888-691903, 691906-692223, 694272-694783, 695146-695295, 695658-696319, 708608-712703
  Free inodes: 172369-180576
Group 22: (Blocks 720896-753663) csum 0x527b [INODE_UNINIT, ITABLE_ZEROED]
  Block bitmap at 524294 (bg #16 + 6), csum 0x4af4174f
  Inode bitmap at 524310 (bg #16 + 22), csum 0x00000000
  Inode table at 527398-527910 (bg #16 + 3110)
  6543 free blocks, 8208 free inodes, 0 directories, 8208 unused inodes
  Free blocks: 720901, 720907-720912, 720914, 720920-720928, 720932-720946, 720948-720956, 720958, 720962-720965, 720975, 720991-720993, 720996-720999, 721003, 721009-721021, 721029, 721031-721034, 721050, 721056, 721058-721407, 723036-724991, 739262-739327, 747520-751615
  Free inodes: 180577-188784
Group 23: (Blocks 753664-786431) csum 0x1b62 [INODE_UNINIT, ITABLE_ZEROED]
  Block bitmap at 524295 (bg #16 + 7), csum 0x417dae0a
  Inode bitmap at 524311 (bg #16 + 23), csum 0x00000000
  Inode table at 527911-528423 (bg #16 + 3623)
  5947 free blocks, 8208 free inodes, 0 directories, 8208 unused inodes
  Free blocks: 768197-772095, 784384-786431
  Free inodes: 188785-196992
Group 24: (Blocks 786432-819199) csum 0xf818 [INODE_UNINIT, ITABLE_ZEROED]
  Block bitmap at 524296 (bg #16 + 8), csum 0x83018da8
  Inode bitmap at 524312 (bg #16 + 24), csum 0x00000000
  Inode table at 528424-528936 (bg #16 + 4136)
  1269 free blocks, 8208 free inodes, 0 directories, 8208 unused inodes
  Free blocks: 787211-788479
  Free inodes: 196993-205200
Group 25: (Blocks 819200-851967) csum 0xd4b8 [INODE_UNINIT, ITABLE_ZEROED]
  Backup superblock at 819200, Group descriptors at 819201-819201
  Reserved GDT blocks at 819202-820016
  Block bitmap at 524297 (bg #16 + 9), csum 0x9dde60cd
  Inode bitmap at 524313 (bg #16 + 25), csum 0x00000000
  Inode table at 528937-529449 (bg #16 + 4649)
  6226 free blocks, 8208 free inodes, 0 directories, 8208 unused inodes
  Free blocks: 820017-820031, 820050-820072, 820839-820863, 820908-820927, 820958-820959, 820978-820991, 821010-821055, 821090-821119, 821186-821247, 845824-845951, 845971-846015, 846018-846079, 846146-846207, 846274-846335, 846338-851967
  Free inodes: 205201-213408
Group 26: (Blocks 851968-884735) csum 0x1234 [INODE_UNINIT, BLOCK_UNINIT, ITABLE_ZEROED]
  Block bitmap at 524298 (bg #16 + 10), csum 0x00000000
  Inode bitmap at 524314 (bg #16 + 26), csum 0x00000000
  Inode table at 529450-529962 (bg #16 + 5162)
  32768 free blocks, 8208 free inodes, 0 directories, 8208 unused inodes
  Free blocks: 851968-884735
  Free inodes: 213409-221616
Group 27: (Blocks 884736-917503) csum 0xae92 [INODE_UNINIT, BLOCK_UNINIT, ITABLE_ZEROED]
  Backup superblock at 884736, Group descriptors at 884737-884737
  Reserved GDT blocks at 884738-885552
  Block bitmap at 524299 (bg #16 + 11), csum 0x00000000
  Inode bitmap at 524315 (bg #16 + 27), csum 0x00000000
  Inode table at 529963-530475 (bg #16 + 5675)
  31951 free blocks, 8208 free inodes, 0 directories, 8208 unused inodes
  Free blocks: 885553-917503
  Free inodes: 221617-229824
Group 28: (Blocks 917504-937499) csum 0x0e70 [INODE_UNINIT, ITABLE_ZEROED]
  Block bitmap at 524300 (bg #16 + 12), csum 0xd3b7a90e
  Inode bitmap at 524316 (bg #16 + 28), csum 0x00000000
  Inode table at 530476-530988 (bg #16 + 6188)
  19996 free blocks, 8208 free inodes, 0 directories, 8208 unused inodes
  Free blocks: 917504-937499
  Free inodes: 229825-238032
